Removed Pin From Net: NetName=key Pin=R14-1
Removed Pin From Net: NetName=vdd-a Pin=R14-2
Removed Member From Class: ClassName=ir-24v Member=R14
Added Member To Class: ClassName=ir-24v Member=Component D4 LED2
Added Member To Class: ClassName=ir-24v Member=Component D6 D Tunnel1
Added Member To Class: ClassName=ir-24v Member=Component J1 Header3X1
Added Member To Class: ClassName=ir-24v Member=Component Q1 MOSFET-P4
Added Member To Class: ClassName=ir-24v Member=Component Q2 QNPN
Added Member To Class: ClassName=ir-24v Member=Component Q3 PNP
Added Member To Class: ClassName=ir-24v Member=Component Q4 MOSFET-P4
Added Member To Class: ClassName=ir-24v Member=Component Q6 PNP
Added Member To Class: ClassName=ir-24v Member=Component R1 10K
Added Member To Class: ClassName=ir-24v Member=Component R2 10K
Added Member To Class: ClassName=ir-24v Member=Component R3 10K
Added Member To Class: ClassName=ir-24v Member=Component R4 10K
Added Member To Class: ClassName=ir-24v Member=Component R5 10K
Added Member To Class: ClassName=ir-24v Member=Component R6 10K
Added Member To Class: ClassName=ir-24v Member=Component R7 10K
Added Member To Class: ClassName=ir-24v Member=Component R8 10K
Added Member To Class: ClassName=ir-24v Member=Component R9 10K
Added Member To Class: ClassName=ir-24v Member=Component R10 10K
Added Member To Class: ClassName=ir-24v Member=Component U3 LM1117MP-3.3
