Add component: Footprint Not Found CAP 1206
Add component: Footprint Not Found ELEC-CAP-RAD10-20
Add Pin To Net: Unknown Pin: Pin C3-1
Add Pin To Net: Unknown Pin: Pin C4-1
Add Pin To Net: Unknown Pin: Pin C4-2
Added Pin To Net: NetName=NetQ3_2 Pin=Q3-2
Added Pin To Net: NetName=NetQ3_2 Pin=Q4-2
Added Net: Name=NetQ3_2
Added Pin To Net: NetName=NetQ3_3 Pin=Q3-3
Added Pin To Net: NetName=NetQ3_3 Pin=Q4-3
Added Net: Name=NetQ3_3
Added Pin To Net: NetName=NetQ3_4 Pin=Q3-4
Added Pin To Net: NetName=NetQ3_4 Pin=Q4-1
Added Net: Name=NetQ3_4
Add Class Member: Failed to add class member : Component C3 =Value
Add Class Member: Failed to add class member : Component C4 =Value
Added Member To Class: ClassName=ir-24v Member=Component Q3 MOSFET-P4
Added Member To Class: ClassName=ir-24v Member=Component Q4 QNPN
Added Member To Class: ClassName=ir-24v Member=Component Q5 QNPN
Added Member To Class: ClassName=ir-24v Member=Component Q6 QNPN
Added Member To Class: ClassName=ir-24v Member=Component U1 LM1117MP-3.3
Added Member To Class: ClassName=ir-24v Member=Component U3 LM1117MP-3.3
