Removed Pin From Net: NetName=vdd Pin=J3-1
Removed Pin From Net: NetName=Lw Pin=J3-3
Change Component Designator: OldDesignator= NewDesignator=D5
Change Component Designator: OldDesignator= NewDesignator=D6
Change Component Designator: OldDesignator= NewDesignator=D7
Change Component Designator: OldDesignator= NewDesignator=D8
Change Component Designator: OldDesignator= NewDesignator=D9
Change Component Designator: OldDesignator= NewDesignator=D10
Change Component Designator: OldDesignator= NewDesignator=D11
Change Component Designator: OldDesignator= NewDesignator=D12
Change Component Designator: OldDesignator= NewDesignator=D13
Change Component Designator: OldDesignator= NewDesignator=D14
Add component: Footprint Not Found RES 0805 (2012X06L)
Added Pin To Net: NetName=L11 Pin=D9-2
Added Pin To Net: NetName=L11 Pin=J3-2
Added Net: Name=L11
Added Pin To Net: NetName=Lw1 Pin=D14-2
Added Pin To Net: NetName=Lw1 Pin=J3-3
Added Net: Name=Lw1
Added Pin To Net: NetName=vdd-l Pin=D5-1
Added Pin To Net: NetName=vdd-l Pin=D10-1
Added Pin To Net: NetName=vdd-l Pin=J3-1
Added Net: Name=vdd-l
Added Member To Class: ClassName=touch-24-v4 Member=Component D5 LED2
Added Member To Class: ClassName=touch-24-v4 Member=Component D6 LED2
Added Member To Class: ClassName=touch-24-v4 Member=Component D7 LED2
Added Member To Class: ClassName=touch-24-v4 Member=Component D9 LED2
Added Member To Class: ClassName=touch-24-v4 Member=Component D10 LED2
Added Member To Class: ClassName=touch-24-v4 Member=Component D11 LED2
Added Member To Class: ClassName=touch-24-v4 Member=Component D12 LED2
Added Member To Class: ClassName=touch-24-v4 Member=Component D13 LED2
Added Member To Class: ClassName=touch-24-v4 Member=Component D14 LED2
Add Class Member: Failed to add class member : Component D15 MODEL
