Add component: Footprint Not Found RES 1206 (3216X08L)
Added Pin To Net: NetName=NetD17_1 Pin=R8-1
Added Pin To Net: NetName=vcc Pin=R8-2
Added Pin To Net: NetName=NetD25_1 Pin=R13-1
Added Pin To Net: NetName=vcc Pin=R13-2
Added Member To Class: ClassName=RF-car Member=Component D21 LED2
Added Member To Class: ClassName=RF-car Member=Component D22 LED2
Added Member To Class: ClassName=RF-car Member=Component D24 LED2
Added Member To Class: ClassName=RF-car Member=Component D26 LED2
Added Member To Class: ClassName=RF-car Member=Component D27 LED2
Added Member To Class: ClassName=RF-car Member=Component D29 D Tunnel1
Added Member To Class: ClassName=RF-car Member=Component D30 LED2
Added Member To Class: ClassName=RF-car Member=Component D32 LED2
Added Member To Class: ClassName=RF-car Member=Component D33 D Tunnel1
Added Member To Class: ClassName=RF-car Member=Component D35 LED2
Added Member To Class: ClassName=RF-car Member=Component D36 LED2
Added Member To Class: ClassName=RF-car Member=Component D37 LED2
Added Member To Class: ClassName=RF-car Member=Component D38 LED2
Added Member To Class: ClassName=RF-car Member=Component R8 10K
Added Member To Class: ClassName=RF-car Member=Component R10 10K
Added Member To Class: ClassName=RF-car Member=Component R11 10K
Added Member To Class: ClassName=RF-car Member=Component R13 10K
Added Member To Class: ClassName=RF-car Member=Component R14 10K
Added Member To Class: ClassName=RF-car Member=Component R15 10K
Added Member To Class: ClassName=RF-car Member=Component R18 10K
Added Member To Class: ClassName=RF-car Member=Component R19 10K
Added Member To Class: ClassName=RF-car Member=Component R21 10K
Added Member To Class: ClassName=RF-car Member=Component R22 10K
Add Class Member: Failed to add class member : Component R24 10K
