Removed Pin From Net: NetName=NetD13_1 Pin=U3-2
Removed Pin From Net: NetName=NetD21_1 Pin=U3-3
Change Component Designator: OldDesignator=Q4 NewDesignator=Q3
Change Component Designator: OldDesignator=R8 NewDesignator=R9
Change Component Designator: OldDesignator=R9 NewDesignator=R10
Change Component Designator: OldDesignator=R10 NewDesignator=R11
Change Component Designator: OldDesignator=R11 NewDesignator=R12
Change Component Designator: OldDesignator=R12 NewDesignator=R13
Change Component Designator: OldDesignator=R13 NewDesignator=R14
Change Component Designator: OldDesignator=R15 NewDesignator=R16
Change Component Designator: OldDesignator=R16 NewDesignator=R17
Change Component Designator: OldDesignator=R17 NewDesignator=R18
Change Component Designator: OldDesignator=R18 NewDesignator=R15
Change Component Designator: OldDesignator=R18 NewDesignator=R19
Change Component Designator: OldDesignator=R20 NewDesignator=R21
Change Component Designator: OldDesignator=R24 NewDesignator=R23
Change Component Designator: OldDesignator=R26 NewDesignator=R25
Add component: Footprint Not Found 3.2X1.6X1.1
Add component: Footprint Not Found 3.2X1.6X1.1
Add component: Footprint Not Found 3.2X1.6X1.1
Add component: Footprint Not Found 3.2X1.6X1.1
Add component: Footprint Not Found 3.2X1.6X1.1
Add component: Footprint Not Found 3.2X1.6X1.1
Add component: Footprint Not Found RES 1206 (3216X08L)
Add component: Footprint Not Found RES 1206 (3216X08L)
Add component: Footprint Not Found RES 1206 (3216X08L)
Add Pin To Net: Unknown Pin: Pin D30-1
Add Pin To Net: Unknown Pin: Pin D30-2
Add Pin To Net: Unknown Pin: Pin D31-1
Add Pin To Net: Unknown Pin: Pin D31-2
Add Pin To Net: Unknown Pin: Pin D32-1
Add Pin To Net: Unknown Pin: Pin D32-2
Add Pin To Net: Unknown Pin: Pin D34-1
Add Pin To Net: Unknown Pin: Pin D34-2
Add Pin To Net: Unknown Pin: Pin D35-1
Add Pin To Net: Unknown Pin: Pin D35-2
Add Pin To Net: Unknown Pin: Pin D36-1
Add Pin To Net: Unknown Pin: Pin D36-2
Added Pin To Net: NetName=NetD21_1 Pin=J2-4
Added Pin To Net: NetName=NetD21_1 Pin=Q2-2
Added Pin To Net: NetName=NetD13_1 Pin=R8-1
Added Pin To Net: NetName=oo2 Pin=R8-2
Add Pin To Net: Unknown Pin: Pin R20-1
Add Pin To Net: Unknown Pin: Pin R20-2
Add Pin To Net: Unknown Pin: Pin R22-1
Add Pin To Net: Unknown Pin: Pin R22-2
Added Pin To Net: NetName=NetD37_1 Pin=R23-2
Added Pin To Net: NetName=NetD21_1 Pin=U3-2
Added Pin To Net: NetName=oo2 Pin=U3-3
Change Net Name : Old Net Name=NetD21_1 New Net Name=oo1
Change Net Name : Old Net Name=NetQ4_2 New Net Name=NetQ3_2
Change Net Name : Old Net Name=NetR13_2 New Net Name=NetR14_2
Add Class Member: Failed to add class member : Component D30 LED2
Add Class Member: Failed to add class member : Component D31 LED2
Add Class Member: Failed to add class member : Component D32 LED2
Add Class Member: Failed to add class member : Component D34 LED2
Add Class Member: Failed to add class member : Component D35 LED2
Add Class Member: Failed to add class member : Component D36 LED2
Added Member To Class: ClassName=RF-car Member=Component R14 10K
Added Member To Class: ClassName=RF-car Member=Component R19 10K
Added Member To Class: ClassName=RF-car Member=Component R21 10K
Add Class Member: Failed to add class member : Component R22 10K
Add Class Member: Failed to add class member : Component R24 10K
