Removed Pin From Net: NetName=DATA_IN Pin=U3-4
Removed Pin From Net: NetName=led Pin=U3-6
Add component: Footprint Not Found 3.2X1.6X1.1
Add component: Footprint Not Found 3.2X1.6X1.1
Add component: Footprint Not Found 3.2X1.6X1.1
Add component: Footprint Not Found 3.2X1.6X1.1
Add component: Footprint Not Found 3.2X1.6X1.1
Add component: Footprint Not Found 3.2X1.6X1.1
Add component: Footprint Not Found RES 1206 (3216X08L)
Add component: Footprint Not Found RES 1206 (3216X08L)
Add component: Footprint Not Found RES 1206 (3216X08L)
Add Pin To Net: Unknown Pin: Pin D30-1
Add Pin To Net: Unknown Pin: Pin D30-2
Add Pin To Net: Unknown Pin: Pin D31-1
Add Pin To Net: Unknown Pin: Pin D31-2
Add Pin To Net: Unknown Pin: Pin D32-1
Add Pin To Net: Unknown Pin: Pin D32-2
Add Pin To Net: Unknown Pin: Pin D34-1
Add Pin To Net: Unknown Pin: Pin D34-2
Add Pin To Net: Unknown Pin: Pin D35-1
Add Pin To Net: Unknown Pin: Pin D35-2
Add Pin To Net: Unknown Pin: Pin D36-1
Add Pin To Net: Unknown Pin: Pin D36-2
Add Pin To Net: Unknown Pin: Pin R19-1
Add Pin To Net: Unknown Pin: Pin R19-2
Add Pin To Net: Unknown Pin: Pin R21-1
Add Pin To Net: Unknown Pin: Pin R21-2
Added Pin To Net: NetName=led Pin=U3-4
Added Pin To Net: NetName=DATA_IN Pin=U3-6
Add Class Member: Failed to add class member : Component D30 LED2
Add Class Member: Failed to add class member : Component D31 LED2
Add Class Member: Failed to add class member : Component D32 LED2
Add Class Member: Failed to add class member : Component D34 LED2
Add Class Member: Failed to add class member : Component D35 LED2
Add Class Member: Failed to add class member : Component D36 LED2
Added Member To Class: ClassName=RF-car Member=Component R15 10K
Added Member To Class: ClassName=RF-car Member=Component R16 10K
Added Member To Class: ClassName=RF-car Member=Component R18 10K
Add Class Member: Failed to add class member : Component R19 10K
Add Class Member: Failed to add class member : Component R21 10K
Added Member To Class: ClassName=RF-car Member=Component R22 10K
Add Class Member: Failed to add class member : Component R25 10K
