Add component: Footprint Not Found 3.2X1.6X1.1
Add component: Footprint Not Found 3.2X1.6X1.1
Add component: Footprint Not Found 3.2X1.6X1.1
Add component: Footprint Not Found 3.2X1.6X1.1
Add component: Footprint Not Found 3.2X1.6X1.1
Add component: Footprint Not Found 3.2X1.6X1.1
Add component: Footprint Not Found SOT-23B_L
Add component: Footprint Not Found RES 1206 (3216X08L)
Add component: Footprint Not Found RES 1206 (3216X08L)
Add component: Footprint Not Found RES 1206 (3216X08L)
Add Pin To Net: Unknown Pin: Pin D30-1
Add Pin To Net: Unknown Pin: Pin D30-2
Add Pin To Net: Unknown Pin: Pin D31-1
Add Pin To Net: Unknown Pin: Pin D31-2
Add Pin To Net: Unknown Pin: Pin D32-1
Add Pin To Net: Unknown Pin: Pin D32-2
Add Pin To Net: Unknown Pin: Pin D34-1
Add Pin To Net: Unknown Pin: Pin D34-2
Add Pin To Net: Unknown Pin: Pin D35-1
Add Pin To Net: Unknown Pin: Pin D35-2
Add Pin To Net: Unknown Pin: Pin D36-1
Add Pin To Net: Unknown Pin: Pin D36-2
Add Pin To Net: Unknown Pin: Pin R20-1
Add Pin To Net: Unknown Pin: Pin R20-2
Add Pin To Net: Unknown Pin: Pin R22-1
Add Pin To Net: Unknown Pin: Pin R22-2
Add Class Member: Failed to add class member : Component D30 LED2
Add Class Member: Failed to add class member : Component D31 LED2
Add Class Member: Failed to add class member : Component D32 LED2
Add Class Member: Failed to add class member : Component D34 LED2
Add Class Member: Failed to add class member : Component D35 LED2
Add Class Member: Failed to add class member : Component D36 LED2
Add Class Member: Failed to add class member : Component M1 N-channel MOSFET BSIM4v7 v4.7.0 Model
Add Class Member: Failed to add class member : Component Q3 QNPN
Add Class Member: Failed to add class member : Component R20 10K
Add Class Member: Failed to add class member : Component R22 10K
Add Class Member: Failed to add class member : Component R24 10K
Add Class Member: Failed to add class member : Component X1 TRIAC Thyristror
