Change Component Designator: OldDesignator=D17 NewDesignator=D21
Change Component Designator: OldDesignator=D21 NewDesignator=D22
Change Component Designator: OldDesignator=D22 NewDesignator=D23
Change Component Designator: OldDesignator=D23 NewDesignator=D24
Change Component Designator: OldDesignator=D24 NewDesignator=D26
Change Component Designator: OldDesignator=D25 NewDesignator=D27
Change Component Designator: OldDesignator=D26 NewDesignator=D28
Change Component Designator: OldDesignator=D27 NewDesignator=D29
Change Component Designator: OldDesignator=D28 NewDesignator=D30
Change Component Designator: OldDesignator=D29 NewDesignator=D31
Change Component Designator: OldDesignator=D30 NewDesignator=D32
Change Component Designator: OldDesignator=D31 NewDesignator=D33
Change Component Designator: OldDesignator=D32 NewDesignator=D34
Change Component Designator: OldDesignator=D33 NewDesignator=D35
Change Component Designator: OldDesignator=D34 NewDesignator=D36
Change Component Designator: OldDesignator=D35 NewDesignator=D37
Change Component Designator: OldDesignator=D36 NewDesignator=D38
Change Component Designator: OldDesignator=D37 NewDesignator=D25
Change Component Designator: OldDesignator=D38 NewDesignator=D17
Change Component Designator: OldDesignator=R8 NewDesignator=R10
Change Component Designator: OldDesignator=R9 NewDesignator=R11
Change Component Designator: OldDesignator=R10 NewDesignator=R9
Change Component Designator: OldDesignator=R11 NewDesignator=R17
Change Component Designator: OldDesignator=R13 NewDesignator=R14
Change Component Designator: OldDesignator=R14 NewDesignator=R15
Change Component Designator: OldDesignator=R15 NewDesignator=R16
Change Component Designator: OldDesignator=R16 NewDesignator=R18
Change Component Designator: OldDesignator=R17 NewDesignator=R19
Change Component Designator: OldDesignator=R18 NewDesignator=R20
Change Component Designator: OldDesignator=R19 NewDesignator=R21
Change Component Designator: OldDesignator=R20 NewDesignator=R22
Change Component Designator: OldDesignator=R21 NewDesignator=R23
Change Component Designator: OldDesignator=R22 NewDesignator=R25
Add component: Footprint Not Found RES 1206 (3216X08L)
Add component: Footprint Not Found RES 1206 (3216X08L)
Add component: Footprint Not Found RES 1206 (3216X08L)
Added Pin To Net: NetName=NetD13_1 Pin=D17-2
Added Pin To Net: NetName=NetD17_1 Pin=D25-2
Add Pin To Net: Unknown Pin: Pin R8-2
Add Pin To Net: Unknown Pin: Pin R13-2
Change Net Name : Old Net Name=NetD17_1 New Net Name=NetD21_1
Change Net Name : Old Net Name=NetD17_2 New Net Name=NetD21_2
Change Net Name : Old Net Name=NetD21_1 New Net Name=NetD22_1
Change Net Name : Old Net Name=NetD21_2 New Net Name=NetD22_2
Change Net Name : Old Net Name=NetD22_2 New Net Name=NetD23_2
Change Net Name : Old Net Name=NetD24_1 New Net Name=NetD26_1
Change Net Name : Old Net Name=NetD24_2 New Net Name=NetD26_2
Change Net Name : Old Net Name=NetD25_2 New Net Name=NetD27_2
Change Net Name : Old Net Name=NetD27_2 New Net Name=NetD29_2
Change Net Name : Old Net Name=NetD28_1 New Net Name=NetD30_1
Change Net Name : Old Net Name=NetD28_2 New Net Name=NetD30_2
Change Net Name : Old Net Name=NetD29_2 New Net Name=NetD31_2
Change Net Name : Old Net Name=NetD32_1 New Net Name=NetD34_1
Change Net Name : Old Net Name=NetD32_2 New Net Name=NetD34_2
Change Net Name : Old Net Name=NetD33_2 New Net Name=NetD35_2
Change Net Name : Old Net Name=NetD35_2 New Net Name=NetD37_2
Change Net Name : Old Net Name=NetD36_2 New Net Name=NetD38_2
Change Net Name : Old Net Name=NetR20_1 New Net Name=NetR22_1
Added Pin To Net: NetName=NetD17_1 Pin=D17-1
Added Net: Name=NetD17_1
Added Pin To Net: NetName=NetD25_1 Pin=D25-1
Added Net: Name=NetD25_1
Added Member To Class: ClassName=RF-car Member=Component R23 10K
Add Class Member: Failed to add class member : Component R24 10K
Added Member To Class: ClassName=RF-car Member=Component R25 10K
