Change Footprint: Cannot match pads with new footprint in component :D10 Footprint:LEDC3216X120N
Change Footprint: Cannot match pads with new footprint in component :D11 Footprint:LEDC3216X120N
Change Footprint: Cannot match pads with new footprint in component :D14 Footprint:LEDC3216X120N
Change Footprint: Cannot match pads with new footprint in component :D15 Footprint:LEDC3216X120N
Change Footprint: Cannot match pads with new footprint in component :D19 Footprint:LEDC3216X120N
Change Footprint: Cannot match pads with new footprint in component :D20 Footprint:LEDC3216X120N
Change Component Footprint: Designator=D21 Old Footprint=RES 1206 (3216X08L) New Footprint=LEDC3216X120N
Add component: Footprint Not Found minimelf
Add Pin To Net: Unknown Pin: Pin D4-1
Add Pin To Net: Unknown Pin: Pin D4-2
Add Pin To Net: Unknown Pin: Pin D7-1
Add Pin To Net: Unknown Pin: Pin D7-2
Add Pin To Net: Unknown Pin: Pin D8-1
Add Pin To Net: Unknown Pin: Pin D8-2
Add Pin To Net: Unknown Pin: Pin D12-1
Add Pin To Net: Unknown Pin: Pin D12-2
Add Pin To Net: Unknown Pin: Pin D13-1
Add Pin To Net: Unknown Pin: Pin D13-2
Add Pin To Net: Unknown Pin: Pin D17-1
Add Pin To Net: Unknown Pin: Pin D17-2
Add Pin To Net: Unknown Pin: Pin D18-1
Add Pin To Net: Unknown Pin: Pin D18-2
Add Pin To Net: Unknown Pin: Pin D21-1
Add Pin To Net: Unknown Pin: Pin D21-2
Add Pin To Net: Unknown Pin: Pin D22-1
Add Pin To Net: Unknown Pin: Pin D22-2
Add Pin To Net: Unknown Pin: Pin U7-4
Add Class Member: Failed to add class member : Component D4 18 Zener
