Removed Pin From Net: NetName=o3 Pin=U4-6
Removed Pin From Net: NetName=GND Pin=U4-7
Removed Pin From Net: NetName=VCC Pin=U4-8
Change Footprint: Cannot match pads with new footprint in component :D10 Footprint:LEDC3216X120N
Change Footprint: Cannot match pads with new footprint in component :D11 Footprint:LEDC3216X120N
Change Footprint: Cannot match pads with new footprint in component :D12 Footprint:LEDC3216X120N
Change Footprint: Cannot match pads with new footprint in component :D14 Footprint:LEDC3216X120N
Change Footprint: Cannot match pads with new footprint in component :D15 Footprint:LEDC3216X120N
Change Footprint: Cannot match pads with new footprint in component :D16 Footprint:LEDC3216X120N
Added Component: Designator=C10(CAP 1206)
Add component: Footprint Not Found minimelf
Added Pin To Net: NetName=GND Pin=C10-2
Add Pin To Net: Unknown Pin: Pin D4-1
Add Pin To Net: Unknown Pin: Pin D4-2
Add Pin To Net: Unknown Pin: Pin U3-4
Added Pin To Net: NetName=VCC Pin=U4-7
Added Pin To Net: NetName=GND Pin=U4-8
Added Pin To Net: NetName=NetC10_1 Pin=C10-1
Added Pin To Net: NetName=NetC10_1 Pin=U4-6
Added Net: Name=NetC10_1
Added Member To Class: ClassName=tach key f Member=Component C10 =Value
Add Class Member: Failed to add class member : Component D4 18 Zener
Added Member To Class: ClassName=tach key f Member=Component D13 D Tunnel1
Added Member To Class: ClassName=tach key f Member=Component D14 MODEL
Added Member To Class: ClassName=tach key f Member=Component D15 MODEL
Added Member To Class: ClassName=tach key f Member=Component K2 1-1721081-2
Added Member To Class: ClassName=tach key f Member=Component K3 1-1721081-2
Added Member To Class: ClassName=tach key f Member=Component R1 10K
Added Member To Class: ClassName=tach key f Member=Component R2 10K
Added Member To Class: ClassName=tach key f Member=Component R3 10K
Added Member To Class: ClassName=tach key f Member=Component R4 10K
Added Member To Class: ClassName=tach key f Member=Component R5 10K
Added Member To Class: ClassName=tach key f Member=Component R6 10K
Added Member To Class: ClassName=tach key f Member=Component R10 10K
