Removed Pin From Net: NetName=o2 Pin=P3-2
Removed Pin From Net: NetName=o3 Pin=P3-3
Removed Pin From Net: NetName=VCC Pin=P3-4
Removed Pin From Net: NetName=GND Pin=P3-5
Removed Pin From Net: NetName=o22 Pin=P4-2
Removed Pin From Net: NetName=o23 Pin=P4-3
Removed Pin From Net: NetName=VCC Pin=P4-4
Removed Pin From Net: NetName=GND Pin=P4-5
Change Component DesignItemId : Designator=P3 Old DesignItemId=Header 5 New DesignItemId=Header 3X2
Change Component DesignItemId : Designator=P4 Old DesignItemId=Header 5 New DesignItemId=Header 3X2
Change Component Footprint: Designator=P3 Old Footprint=HDR1X5 New Footprint=HDR2X3
Change Component Footprint: Designator=P4 Old Footprint=HDR1X5 New Footprint=HDR2X3
Change Footprint: Cannot match pads with new footprint in component :D10 Footprint:LEDC3216X120N
Change Footprint: Cannot match pads with new footprint in component :D11 Footprint:LEDC3216X120N
Change Footprint: Cannot match pads with new footprint in component :D12 Footprint:LEDC3216X120N
Change Footprint: Cannot match pads with new footprint in component :D14 Footprint:LEDC3216X120N
Change Footprint: Cannot match pads with new footprint in component :D15 Footprint:LEDC3216X120N
Change Footprint: Cannot match pads with new footprint in component :D16 Footprint:LEDC3216X120N
Change Component Comment : Designator=P3 Old Comment=Header 5 New Comment=Header 3X2
Change Component Comment : Designator=P4 Old Comment=Header 5 New Comment=Header 3X2
Change Component Description : Designator=P3 Old Description=Header, 5-Pin New Description=Header, 3-Pin, Dual row
Change Component Description : Designator=P4 Old Description=Header, 5-Pin New Description=Header, 3-Pin, Dual row
Add component: Footprint Not Found minimelf
Add Pin To Net: Unknown Pin: Pin D4-1
Add Pin To Net: Unknown Pin: Pin D4-2
Added Pin To Net: NetName=o2 Pin=P3-3
Added Pin To Net: NetName=o3 Pin=P3-5
Added Pin To Net: NetName=o22 Pin=P4-3
Added Pin To Net: NetName=o23 Pin=P4-5
Add Pin To Net: Unknown Pin: Pin U3-4
Add Class Member: Failed to add class member : Component D4 18 Zener
