Removed Pin From Net: NetName=o3 Pin=P1-1
Removed Pin From Net: NetName=o2 Pin=P1-3
Removed Pin From Net: NetName=VCC Pin=P1-4
Removed Pin From Net: NetName=o1 Pin=P1-5
Removed Pin From Net: NetName=GND Pin=P1-6
Removed Pin From Net: NetName=o13 Pin=P2-1
Removed Pin From Net: NetName=o14 Pin=P2-2
Removed Pin From Net: NetName=o12 Pin=P2-3
Removed Pin From Net: NetName=VCC Pin=P2-4
Removed Pin From Net: NetName=o11 Pin=P2-5
Removed Pin From Net: NetName=GND Pin=P2-6
Removed Pin From Net: NetName=NetP3_1 Pin=R8-2
Removed Pin From Net: NetName=NetP3_2 Pin=R9-2
Removed Pin From Net: NetName=NetP3_3 Pin=R10-2
Removed Pin From Net: NetName=NetP3_5 Pin=R12-2
Add component: Footprint Not Found minimelf
Add Pin To Net: Unknown Pin: Pin D4-1
Add Pin To Net: Unknown Pin: Pin D4-2
Added Pin To Net: NetName=VCC Pin=P1-2
Added Pin To Net: NetName=o3 Pin=P1-3
Added Pin To Net: NetName=GND Pin=P1-4
Added Pin To Net: NetName=o2 Pin=P1-5
Added Pin To Net: NetName=o1 Pin=P1-6
Added Pin To Net: NetName=o14 Pin=P2-1
Added Pin To Net: NetName=VCC Pin=P2-2
Added Pin To Net: NetName=o13 Pin=P2-3
Added Pin To Net: NetName=GND Pin=P2-4
Added Pin To Net: NetName=o12 Pin=P2-5
Added Pin To Net: NetName=o11 Pin=P2-6
Added Pin To Net: NetName=NetP3_3 Pin=R8-2
Added Pin To Net: NetName=NetP3_1 Pin=R9-2
Added Pin To Net: NetName=NetP3_5 Pin=R10-2
Added Pin To Net: NetName=NetP3_2 Pin=R12-2
Add Pin To Net: Unknown Pin: Pin U7-4
Add Class Member: Failed to add class member : Component D4 18 Zener
