Removed Member From Class: ClassName=tach key f Member=R?
Change Footprint: Cannot match pads with new footprint in component :D10 Footprint:LEDC3216X120N
Change Footprint: Cannot match pads with new footprint in component :D11 Footprint:LEDC3216X120N
Change Footprint: Cannot match pads with new footprint in component :D12 Footprint:LEDC3216X120N
Change Footprint: Cannot match pads with new footprint in component :D14 Footprint:LEDC3216X120N
Change Footprint: Cannot match pads with new footprint in component :D15 Footprint:LEDC3216X120N
Change Footprint: Cannot match pads with new footprint in component :D16 Footprint:LEDC3216X120N
Change Component Designator: OldDesignator=C6 NewDesignator=C9
Change Component Designator: OldDesignator=C7 NewDesignator=C11
Change Component Designator: OldDesignator=C8 NewDesignator=C12
Change Component Designator: OldDesignator=C9 NewDesignator=C6
Change Component Designator: OldDesignator=C10 NewDesignator=C7
Change Component Designator: OldDesignator=D7 NewDesignator=D9
Change Component Designator: OldDesignator=D8 NewDesignator=D16
Change Component Designator: OldDesignator=D9 NewDesignator=D23
Change Component Designator: OldDesignator=D11 NewDesignator=D19
Change Component Designator: OldDesignator=D12 NewDesignator=D14
Change Component Designator: OldDesignator=D13 NewDesignator=D24
Change Component Designator: OldDesignator=D14 NewDesignator=D20
Change Component Designator: OldDesignator=D16 NewDesignator=D11
Change Component Designator: OldDesignator=P1 NewDesignator=P3
Change Component Designator: OldDesignator=P2 NewDesignator=P1
Change Component Designator: OldDesignator=R1 NewDesignator=R11
Change Component Designator: OldDesignator=R2 NewDesignator=R23
Change Component Designator: OldDesignator=R3 NewDesignator=R9
Change Component Designator: OldDesignator=R4 NewDesignator=R8
Change Component Designator: OldDesignator=R5 NewDesignator=R12
Change Component Designator: OldDesignator=R6 NewDesignator=R16
Change Component Designator: OldDesignator=R7 NewDesignator=R10
Change Component Designator: OldDesignator=R8 NewDesignator=R1
Change Component Designator: OldDesignator=R9 NewDesignator=R4
Change Component Designator: OldDesignator=R10 NewDesignator=R6
Change Component Designator: OldDesignator=R11 NewDesignator=R20
Change Component Designator: OldDesignator=R12 NewDesignator=R19
Change Component Designator: OldDesignator=R13 NewDesignator=R17
Change Component Designator: OldDesignator=R15 NewDesignator=R22
Change Component Designator: OldDesignator=U1 NewDesignator=U3
Change Component Designator: OldDesignator=U2 NewDesignator=U6
Change Component Designator: OldDesignator=U3 NewDesignator=U7
Change Component Designator: OldDesignator=U4 NewDesignator=U1
Change Component Designator: OldDesignator=U5 NewDesignator=U4
Added Component: Designator=C8(CAP 1206)
Added Component: Designator=C10(CAP 1206)
Add component: Footprint Not Found minimelf
Added Component: Designator=D7(LEDC3216X120N)
Add component (AddParameter): Name = "COLOR"; Value = "RED"; VariantName = "[No Variations]"
Added Component: Designator=D8(LEDC3216X120N)
Add component (AddParameter): Name = "COLOR"; Value = "RED"; VariantName = "[No Variations]"
Added Component: Designator=D12(LEDC3216X120N)
Add component (AddParameter): Name = "COLOR"; Value = "RED"; VariantName = "[No Variations]"
Added Component: Designator=D13(LEDC3216X120N)
Add component (AddParameter): Name = "COLOR"; Value = "RED"; VariantName = "[No Variations]"
Added Component: Designator=D17(LEDC3216X120N)
Add component (AddParameter): Name = "COLOR"; Value = "RED"; VariantName = "[No Variations]"
Added Component: Designator=D18(LEDC3216X120N)
Add component (AddParameter): Name = "COLOR"; Value = "RED"; VariantName = "[No Variations]"
Added Component: Designator=D21(LEDC3216X120N)
Add component (AddParameter): Name = "COLOR"; Value = "RED"; VariantName = "[No Variations]"
Added Component: Designator=D22(LEDC3216X120N)
Add component (AddParameter): Name = "COLOR"; Value = "RED"; VariantName = "[No Variations]"
Added Component: Designator=P2(HDR2X3)
Add component (AddParameter): Name = "LatestRevisionDate"; Value = "17-Jul-2002"; VariantName = "[No Variations]"
Add component (AddParameter): Name = "LatestRevisionNote"; Value = "Re-released for DXP Platform."; VariantName = "[No Variations]"
Add component (AddParameter): Name = "Publisher"; Value = "Altium Limited"; VariantName = "[No Variations]"
Added Component: Designator=R2(RES 1206 (3216X08L))
Add component (AddParameter): Name = "Power"; Value = "1/4 W"; VariantName = "[No Variations]"
Add component (AddParameter): Name = "Tolerance"; Value = "5%"; VariantName = "[No Variations]"
Add component (AddParameter): Name = "Value"; Value = "10K"; VariantName = "[No Variations]"
Added Component: Designator=R3(RES 1206 (3216X08L))
Add component (AddParameter): Name = "Power"; Value = "1/4 W"; VariantName = "[No Variations]"
Add component (AddParameter): Name = "Tolerance"; Value = "5%"; VariantName = "[No Variations]"
Add component (AddParameter): Name = "Value"; Value = "10K"; VariantName = "[No Variations]"
Added Component: Designator=R5(RES 1206 (3216X08L))
Add component (AddParameter): Name = "Power"; Value = "1/4 W"; VariantName = "[No Variations]"
Add component (AddParameter): Name = "Tolerance"; Value = "5%"; VariantName = "[No Variations]"
Add component (AddParameter): Name = "Value"; Value = "10K"; VariantName = "[No Variations]"
Added Component: Designator=R7(RES 1206 (3216X08L))
Add component (AddParameter): Name = "Power"; Value = "1/4 W"; VariantName = "[No Variations]"
Add component (AddParameter): Name = "Tolerance"; Value = "5%"; VariantName = "[No Variations]"
Add component (AddParameter): Name = "Value"; Value = "10K"; VariantName = "[No Variations]"
Added Component: Designator=R13(RES 1206 (3216X08L))
Add component (AddParameter): Name = "Power"; Value = "1/4 W"; VariantName = "[No Variations]"
Add component (AddParameter): Name = "Tolerance"; Value = "5%"; VariantName = "[No Variations]"
Add component (AddParameter): Name = "Value"; Value = "10K"; VariantName = "[No Variations]"
Added Component: Designator=R15(RES 1206 (3216X08L))
Add component (AddParameter): Name = "Power"; Value = "1/4 W"; VariantName = "[No Variations]"
Add component (AddParameter): Name = "Tolerance"; Value = "5%"; VariantName = "[No Variations]"
Add component (AddParameter): Name = "Value"; Value = "10K"; VariantName = "[No Variations]"
Added Component: Designator=R18(RES 1206 (3216X08L))
Add component (AddParameter): Name = "Power"; Value = "1/4 W"; VariantName = "[No Variations]"
Add component (AddParameter): Name = "Tolerance"; Value = "5%"; VariantName = "[No Variations]"
Add component (AddParameter): Name = "Value"; Value = "10K"; VariantName = "[No Variations]"
Added Component: Designator=R21(RES 1206 (3216X08L))
Add component (AddParameter): Name = "Power"; Value = "1/4 W"; VariantName = "[No Variations]"
Add component (AddParameter): Name = "Tolerance"; Value = "5%"; VariantName = "[No Variations]"
Add component (AddParameter): Name = "Value"; Value = "10K"; VariantName = "[No Variations]"
Added Component: Designator=U2(8S2_N)
Add component (AddParameter): Name = "ComponentLink1Description"; Value = "Datasheet"; VariantName = "[No Variations]"
Add component (AddParameter): Name = "ComponentLink1URL"; Value = "http://www.atmel.com/dyn/resources/prod_documents/doc1187.pdf"; VariantName = "[No Variations]"
Add component (AddParameter): Name = "ComponentLink2Description"; Value = "Atmel.com Home"; VariantName = "[No Variations]"
Add component (AddParameter): Name = "ComponentLink2URL"; Value = "http://www.atmel.com"; VariantName = "[No Variations]"
Add component (AddParameter): Name = "DatasheetVersion"; Value = "1187E-AVR-06/02"; VariantName = "[No Variations]"
Add component (AddParameter): Name = "LatestRevisionDate"; Value = "16-Oct-2006"; VariantName = "[No Variations]"
Add component (AddParameter): Name = "LatestRevisionNote"; Value = "IPC-7351 Footprint Added."; VariantName = "[No Variations]"
Add component (AddParameter): Name = "PackageDescription"; Value = "8-Lead, 0.208" Body, Plastic Small Outline Package (EIAJ)"; VariantName = "[No Variations]"
Add component (AddParameter): Name = "PackageReference"; Value = "8S2"; VariantName = "[No Variations]"
Add component (AddParameter): Name = "PackageVersion"; Value = "revF, Apr-2008"; VariantName = "[No Variations]"
Add component (AddParameter): Name = "Published"; Value = "17-Sep-2003"; VariantName = "[No Variations]"
Add component (AddParameter): Name = "Publisher"; Value = "Altium Limited"; VariantName = "[No Variations]"
Add component (AddParameter): Name = "Supplier 1"; Value = "Digi-Key"; VariantName = "[No Variations]"
Add component (AddParameter): Name = "Supplier 2"; Value = "Mouser"; VariantName = "[No Variations]"
Add component (AddParameter): Name = "Supplier Part Number 1"; Value = "ATTINY15L-1SC-ND"; VariantName = "[No Variations]"
Add component (AddParameter): Name = "Supplier Part Number 2"; Value = "556-ATTINY15L1SC"; VariantName = "[No Variations]"
Added Component: Designator=U5(8S2_N)
Add component (AddParameter): Name = "ComponentLink1Description"; Value = "Datasheet"; VariantName = "[No Variations]"
Add component (AddParameter): Name = "ComponentLink1URL"; Value = "http://www.atmel.com/dyn/resources/prod_documents/doc1187.pdf"; VariantName = "[No Variations]"
Add component (AddParameter): Name = "ComponentLink2Description"; Value = "Atmel.com Home"; VariantName = "[No Variations]"
Add component (AddParameter): Name = "ComponentLink2URL"; Value = "http://www.atmel.com"; VariantName = "[No Variations]"
Add component (AddParameter): Name = "DatasheetVersion"; Value = "1187E-AVR-06/02"; VariantName = "[No Variations]"
Add component (AddParameter): Name = "LatestRevisionDate"; Value = "16-Oct-2006"; VariantName = "[No Variations]"
Add component (AddParameter): Name = "LatestRevisionNote"; Value = "IPC-7351 Footprint Added."; VariantName = "[No Variations]"
Add component (AddParameter): Name = "PackageDescription"; Value = "8-Lead, 0.208" Body, Plastic Small Outline Package (EIAJ)"; VariantName = "[No Variations]"
Add component (AddParameter): Name = "PackageReference"; Value = "8S2"; VariantName = "[No Variations]"
Add component (AddParameter): Name = "PackageVersion"; Value = "revF, Apr-2008"; VariantName = "[No Variations]"
Add component (AddParameter): Name = "Published"; Value = "17-Sep-2003"; VariantName = "[No Variations]"
Add component (AddParameter): Name = "Publisher"; Value = "Altium Limited"; VariantName = "[No Variations]"
Add component (AddParameter): Name = "Supplier 1"; Value = "Digi-Key"; VariantName = "[No Variations]"
Add component (AddParameter): Name = "Supplier 2"; Value = "Mouser"; VariantName = "[No Variations]"
Add component (AddParameter): Name = "Supplier Part Number 1"; Value = "ATTINY15L-1SC-ND"; VariantName = "[No Variations]"
Add component (AddParameter): Name = "Supplier Part Number 2"; Value = "556-ATTINY15L1SC"; VariantName = "[No Variations]"
Added Pin To Net: NetName=VCC Pin=C8-1
Added Pin To Net: NetName=GND Pin=C8-2
Added Pin To Net: NetName=GND Pin=C10-2
Add Pin To Net: Unknown Pin: Pin D4-1
Add Pin To Net: Unknown Pin: Pin D4-2
Add Pin To Net: Unknown Pin: Pin D8-2
Add Pin To Net: Unknown Pin: Pin D12-2
Add Pin To Net: Unknown Pin: Pin D13-1
Add Pin To Net: Unknown Pin: Pin D13-2
Add Pin To Net: Unknown Pin: Pin D17-2
Add Pin To Net: Unknown Pin: Pin D18-1
Add Pin To Net: Unknown Pin: Pin D18-2
Add Pin To Net: Unknown Pin: Pin D21-2
Add Pin To Net: Unknown Pin: Pin D22-1
Add Pin To Net: Unknown Pin: Pin D22-2
Added Pin To Net: NetName=o3 Pin=P2-1
Added Pin To Net: NetName=o2 Pin=P2-3
Added Pin To Net: NetName=VCC Pin=P2-4
Added Pin To Net: NetName=o1 Pin=P2-5
Added Pin To Net: NetName=GND Pin=P2-6
Added Pin To Net: NetName=o23 Pin=R2-1
Added Pin To Net: NetName=o3 Pin=R2-2
Added Pin To Net: NetName=o22 Pin=R5-1
Added Pin To Net: NetName=o2 Pin=R5-2
Added Pin To Net: NetName=o21 Pin=R7-1
Added Pin To Net: NetName=o1 Pin=R7-2
Added Pin To Net: NetName=VCC Pin=R13-2
Added Pin To Net: NetName=VCC Pin=R15-2
Added Pin To Net: NetName=VCC Pin=R18-2
Added Pin To Net: NetName=VCC Pin=R21-2
Added Pin To Net: NetName=VCC Pin=U2-1
Added Pin To Net: NetName=data Pin=U2-2
Added Pin To Net: NetName=RF Pin=U2-4
Added Pin To Net: NetName=o2 Pin=U2-5
Added Pin To Net: NetName=o3 Pin=U2-6
Added Pin To Net: NetName=o1 Pin=U2-7
Added Pin To Net: NetName=GND Pin=U2-8
Added Pin To Net: NetName=data Pin=U5-1
Added Pin To Net: NetName=VCC Pin=U5-3
Added Pin To Net: NetName=GND Pin=U5-4
Add Pin To Net: Unknown Pin: Pin U7-4
Change Net Name : Old Net Name=NetC10_1 New Net Name=NetC7_1
Change Net Name : Old Net Name=NetD7_1 New Net Name=NetD9_1
Change Net Name : Old Net Name=NetD8_1 New Net Name=NetD16_1
Change Net Name : Old Net Name=NetD9_1 New Net Name=NetD23_1
Change Net Name : Old Net Name=NetD11_1 New Net Name=NetD19_1
Change Net Name : Old Net Name=NetD12_1 New Net Name=NetD14_1
Change Net Name : Old Net Name=NetD13_1 New Net Name=NetD24_1
Change Net Name : Old Net Name=NetP1_1 New Net Name=NetP3_1
Change Net Name : Old Net Name=NetP1_2 New Net Name=NetP3_2
Change Net Name : Old Net Name=NetP1_3 New Net Name=NetP3_3
Change Net Name : Old Net Name=NetP1_5 New Net Name=NetP3_5
Added Pin To Net: NetName=NetC10_1 Pin=C10-1
Added Pin To Net: NetName=NetC10_1 Pin=U5-2
Added Net: Name=NetC10_1
Added Pin To Net: NetName=NetD7_1 Pin=R13-1
Added Net: Name=NetD7_1
Added Pin To Net: NetName=NetD12_1 Pin=R15-1
Added Net: Name=NetD12_1
Added Pin To Net: NetName=NetD17_1 Pin=R18-1
Added Net: Name=NetD17_1
Added Pin To Net: NetName=NetD21_1 Pin=R21-1
Added Net: Name=NetD21_1
Added Pin To Net: NetName=NetP2_2 Pin=P2-2
Added Pin To Net: NetName=NetP2_2 Pin=R3-2
Added Net: Name=NetP2_2
Added Pin To Net: NetName=o24 Pin=R3-1
Added Net: Name=o24
Added Member To Class: ClassName=tach key f Member=Component C11 =Value
Added Member To Class: ClassName=tach key f Member=Component C12 =Value
Add Class Member: Failed to add class member : Component D4 18 Zener
Added Member To Class: ClassName=tach key f Member=Component D17 MODEL
Added Member To Class: ClassName=tach key f Member=Component D18 MODEL
Added Member To Class: ClassName=tach key f Member=Component D19 MODEL
Added Member To Class: ClassName=tach key f Member=Component D20 MODEL
Added Member To Class: ClassName=tach key f Member=Component D21 MODEL
Added Member To Class: ClassName=tach key f Member=Component D22 MODEL
Added Member To Class: ClassName=tach key f Member=Component D23 D Tunnel1
Added Member To Class: ClassName=tach key f Member=Component D24 D Tunnel1
Added Member To Class: ClassName=tach key f Member=Component P3 Header 3X2
Added Member To Class: ClassName=tach key f Member=Component R16 10K
Added Member To Class: ClassName=tach key f Member=Component R17 10K
Added Member To Class: ClassName=tach key f Member=Component R18 10K
Added Member To Class: ClassName=tach key f Member=Component R19 10K
Added Member To Class: ClassName=tach key f Member=Component R20 10K
Added Member To Class: ClassName=tach key f Member=Component R21 10K
Added Member To Class: ClassName=tach key f Member=Component R22 10K
Added Member To Class: ClassName=tach key f Member=Component R23 10K
Added Member To Class: ClassName=tach key f Member=Component U6 HT7A6312
Added Member To Class: ClassName=tach key f Member=Component U7 LM1117MP-3.3
