Removed Pin From Net: NetName=+12v Pin=K2-1
Removed Pin From Net: NetName=NetD7_1 Pin=K2-2
Removed Pin From Net: NetName=of1 Pin=K2-3
Removed Pin From Net: NetName=faz Pin=K2-4
Removed Pin From Net: NetName=NetD8_1 Pin=K4-2
Removed Pin From Net: NetName=of2 Pin=K4-3
Removed Pin From Net: NetName=faz Pin=K4-4
Removed Pin From Net: NetName=+12v Pin=K6-1
Removed Pin From Net: NetName=NetD9_1 Pin=K6-2
Removed Pin From Net: NetName=of3 Pin=K6-3
Removed Pin From Net: NetName=faz Pin=K6-4
Removed Member From Class: ClassName=tach key h-relay2 Member=K5
Removed Member From Class: ClassName=tach key h-relay2 Member=K6
Change Component Footprint: Designator=K4 Old Footprint=RELAY_2071508-1 New Footprint=TE_1-1721081-2
Change Footprint: Cannot match pads with new footprint in component :D10 Footprint:LEDC3216X120N
Change Footprint: Cannot match pads with new footprint in component :D11 Footprint:LEDC3216X120N
Change Footprint: Cannot match pads with new footprint in component :D12 Footprint:LEDC3216X120N
Change Footprint: Cannot match pads with new footprint in component :D13 Footprint:LEDC3216X120N
Change Footprint: Cannot match pads with new footprint in component :D14 Footprint:LEDC3216X120N
Change Footprint: Cannot match pads with new footprint in component :D15 Footprint:LEDC3216X120N
Change Component Comment : Designator=K4 Old Comment=2071508-1 New Comment=1-1721081-2
Change Component Designator: OldDesignator=D13 NewDesignator=D14
Change Component Designator: OldDesignator=D14 NewDesignator=D15
Change Component Designator: OldDesignator=D15 NewDesignator=D16
Change Component Designator: OldDesignator=K3 NewDesignator=K2
Change Component Designator: OldDesignator=K5 NewDesignator=K3
Change Component Designator: OldDesignator=R1 NewDesignator=R2
Change Component Designator: OldDesignator=R2 NewDesignator=R3
Change Component Designator: OldDesignator=R3 NewDesignator=R4
Change Component Designator: OldDesignator=R4 NewDesignator=R5
Change Component Designator: OldDesignator=R5 NewDesignator=R7
Change Component Designator: OldDesignator=R6 NewDesignator=R8
Change Component Designator: OldDesignator=R7 NewDesignator=R9
Change Component Designator: OldDesignator=R8 NewDesignator=R11
Change Component Designator: OldDesignator=R9 NewDesignator=R12
Change Component Designator: OldDesignator=R10 NewDesignator=R13
Change Component Designator: OldDesignator=R? NewDesignator=R1
Change Component Designator: OldDesignator=R? NewDesignator=R6
Change Component Designator: OldDesignator=R? NewDesignator=R10
Change component parameters: Designator = "K4" ("K4"); Footprint = "RELAY_2071508-1"; UniqueID = "\OSLSFPVA" ("\OSLSFPVA")
Change component parameters (AddParameter): Name = "Check_prices"; Value = "https://www.snapeda.com/parts/1-1721081-2/TE+Connectivity+Potter+%2526+Brumfield+Relays/view-part/?ref=eda"; VariantName = "[No Variations]"
Change component parameters (AddParameter): Name = "MF"; Value = "TE Connectivity"; VariantName = "[No Variations]"
Change component parameters (AddParameter): Name = "MP"; Value = "1-1721081-2"; VariantName = "[No Variations]"
Change component parameters (AddParameter): Name = "Package"; Value = "None"; VariantName = "[No Variations]"
Change component parameters (AddParameter): Name = "SnapEDA_Link"; Value = "https://www.snapeda.com/parts/1-1721081-2/TE+Connectivity+Potter+%2526+Brumfield+Relays/view-part/?ref=snap"; VariantName = "[No Variations]"
Change component parameters (AddParameter): Name = "Value"; Value = ""; VariantName = "[No Variations]"
Add component: Footprint Not Found minimelf
Added Component: Designator=D13(3.2X1.6X1.1)
Add component (AddParameter): Name = "LatestRevisionDate"; Value = "17-Jul-2002"; VariantName = "[No Variations]"
Add component (AddParameter): Name = "LatestRevisionNote"; Value = "Re-released for DXP Platform."; VariantName = "[No Variations]"
Add component (AddParameter): Name = "PackageDescription"; Value = "SM LED; 2 Flat Leads"; VariantName = "[No Variations]"
Add component (AddParameter): Name = "PackageReference"; Value = "3.2X1.6X1.1"; VariantName = "[No Variations]"
Add component (AddParameter): Name = "PackageVersion"; Value = "Feb-2002"; VariantName = "[No Variations]"
Add component (AddParameter): Name = "Published"; Value = "8-Jun-2000"; VariantName = "[No Variations]"
Add component (AddParameter): Name = "Publisher"; Value = "Altium Limited"; VariantName = "[No Variations]"
Added Component: Designator=Q4(SOT-23B_L)
Add component (AddParameter): Name = "LatestRevisionDate"; Value = "29-May-2009"; VariantName = "[No Variations]"
Add component (AddParameter): Name = "LatestRevisionNote"; Value = "IPC-7351 Footprint Added."; VariantName = "[No Variations]"
Add component (AddParameter): Name = "PackageDescription"; Value = "3-Pin SOT-23 Package 0.95 mm Pitch, 2.4 mm Lead Span"; VariantName = "[No Variations]"
Add component (AddParameter): Name = "PackageReference"; Value = "SOT-23B"; VariantName = "[No Variations]"
Add component (AddParameter): Name = "PackageVersion"; Value = "Aug-1999"; VariantName = "[No Variations]"
Add component (AddParameter): Name = "Published"; Value = "8-Jun-2000"; VariantName = "[No Variations]"
Add component (AddParameter): Name = "Publisher"; Value = "Altium Limited"; VariantName = "[No Variations]"
Added Component: Designator=R14(RES 0805 (2012X06L))
Add component (AddParameter): Name = "Power"; Value = "1/4 W"; VariantName = "[No Variations]"
Add component (AddParameter): Name = "Tolerance"; Value = "5%"; VariantName = "[No Variations]"
Add component (AddParameter): Name = "Value"; Value = "10K"; VariantName = "[No Variations]"
Add Pin To Net: Unknown Pin: Pin D4-1
Add Pin To Net: Unknown Pin: Pin D4-2
Added Pin To Net: NetName=+12v Pin=D13-2
Added Pin To Net: NetName=faz Pin=K4-3
Added Pin To Net: NetName=of3 Pin=K4-4
Added Pin To Net: NetName=o33 Pin=Q4-1
Added Pin To Net: NetName=GND Pin=Q4-2
Added Pin To Net: NetName=o33 Pin=R14-1
Added Pin To Net: NetName=GND Pin=R14-2
Add Pin To Net: Unknown Pin: Pin U3-4
Added Pin To Net: NetName=NetD13_1 Pin=D13-1
Added Pin To Net: NetName=NetD13_1 Pin=K4-2
Added Pin To Net: NetName=NetD13_1 Pin=Q4-3
Added Net: Name=NetD13_1
Change Class Name : Old Net Name=tach key h-relay2 New Net Name=tach key f
Added Member To Class: ClassName=tach key f Member=Component C6 =Value
Added Member To Class: ClassName=tach key f Member=Component C9 =Value
Add Class Member: Failed to add class member : Component D4 18 Zener
Added Member To Class: ClassName=tach key f Member=Component D10 MODEL
Added Member To Class: ClassName=tach key f Member=Component D11 MODEL
Added Member To Class: ClassName=tach key f Member=Component D12 MODEL
Added Member To Class: ClassName=tach key f Member=Component D13 D Tunnel1
Added Member To Class: ClassName=tach key f Member=Component D14 MODEL
Added Member To Class: ClassName=tach key f Member=Component D15 MODEL
Added Member To Class: ClassName=tach key f Member=Component D16 MODEL
Added Member To Class: ClassName=tach key f Member=Component P1 Header 4
Added Member To Class: ClassName=tach key f Member=Component P4 Header 5
Added Member To Class: ClassName=tach key f Member=Component Q4 QNPN
Added Member To Class: ClassName=tach key f Member=Component R1 10K
Added Member To Class: ClassName=tach key f Member=Component R2 10K
Added Member To Class: ClassName=tach key f Member=Component R3 10K
Added Member To Class: ClassName=tach key f Member=Component R5 10K
Added Member To Class: ClassName=tach key f Member=Component R6 10K
Added Member To Class: ClassName=tach key f Member=Component R7 10K
Added Member To Class: ClassName=tach key f Member=Component R8 10K
Added Member To Class: ClassName=tach key f Member=Component R9 10K
Added Member To Class: ClassName=tach key f Member=Component R10 10K
Added Member To Class: ClassName=tach key f Member=Component R11 10K
Added Member To Class: ClassName=tach key f Member=Component R12 10K
Added Member To Class: ClassName=tach key f Member=Component R13 10K
Added Member To Class: ClassName=tach key f Member=Component R14 10K
Added Member To Class: ClassName=tach key f Member=Component U4 ATtiny15L-1SC
Change Room Name: Old Name=tach key h-relay2 New Name=tach key f
Change Room Scope: Old Scope=InComponentClass('tach key h-relay2') New Scope=InComponentClass('tach key f')
