Removed Pin From Net: NetName=o33 Pin=R2-1
Removed Pin From Net: NetName=o34 Pin=R3-1
Removed Pin From Net: NetName=o32 Pin=R5-1
Removed Pin From Net: NetName=o31 Pin=R7-1
Change Footprint: Cannot match pads with new footprint in component :D10 Footprint:LEDC3216X120N
Change Footprint: Cannot match pads with new footprint in component :D11 Footprint:LEDC3216X120N
Change Footprint: Cannot match pads with new footprint in component :D14 Footprint:LEDC3216X120N
Change Footprint: Cannot match pads with new footprint in component :D15 Footprint:LEDC3216X120N
Change Footprint: Cannot match pads with new footprint in component :D19 Footprint:LEDC3216X120N
Change Footprint: Cannot match pads with new footprint in component :D20 Footprint:LEDC3216X120N
Add component: Footprint Not Found minimelf
Add Pin To Net: Unknown Pin: Pin D4-1
Add Pin To Net: Unknown Pin: Pin D4-2
Add Pin To Net: Unknown Pin: Pin D7-1
Add Pin To Net: Unknown Pin: Pin D8-2
Add Pin To Net: Unknown Pin: Pin D12-1
Add Pin To Net: Unknown Pin: Pin D13-2
Add Pin To Net: Unknown Pin: Pin D17-1
Add Pin To Net: Unknown Pin: Pin D18-2
Add Pin To Net: Unknown Pin: Pin D21-1
Add Pin To Net: Unknown Pin: Pin D22-2
Add Pin To Net: Unknown Pin: Pin U7-4
Change Net Name : Old Net Name=o31 New Net Name=o11
Change Net Name : Old Net Name=o32 New Net Name=o12
Change Net Name : Old Net Name=o33 New Net Name=o13
Change Net Name : Old Net Name=o34 New Net Name=o14
Added Pin To Net: NetName=o31 Pin=R7-1
Added Net: Name=o31
Added Pin To Net: NetName=o32 Pin=R5-1
Added Net: Name=o32
Added Pin To Net: NetName=o33 Pin=R2-1
Added Net: Name=o33
Added Pin To Net: NetName=o34 Pin=R3-1
Added Net: Name=o34
Add Class Member: Failed to add class member : Component D4 18 Zener
