Removed Pin From Net: NetName=o21 Pin=P4-1
Removed Pin From Net: NetName=o22 Pin=P4-3
Removed Pin From Net: NetName=o23 Pin=P4-5
Change Footprint: Cannot match pads with new footprint in component :D10 Footprint:LEDC3216X120N
Change Footprint: Cannot match pads with new footprint in component :D11 Footprint:LEDC3216X120N
Change Footprint: Cannot match pads with new footprint in component :D12 Footprint:LEDC3216X120N
Change Footprint: Cannot match pads with new footprint in component :D14 Footprint:LEDC3216X120N
Change Footprint: Cannot match pads with new footprint in component :D15 Footprint:LEDC3216X120N
Change Footprint: Cannot match pads with new footprint in component :D16 Footprint:LEDC3216X120N
Add component: Footprint Not Found minimelf
Add Pin To Net: Unknown Pin: Pin D4-1
Add Pin To Net: Unknown Pin: Pin D4-2
Added Pin To Net: NetName=o21 Pin=P3-1
Added Pin To Net: NetName=o22 Pin=P3-3
Added Pin To Net: NetName=o23 Pin=P3-5
Add Pin To Net: Unknown Pin: Pin U3-4
Added Pin To Net: NetName=NetP4_1 Pin=P4-1
Added Pin To Net: NetName=NetP4_1 Pin=R3-2
Added Net: Name=NetP4_1
Added Pin To Net: NetName=NetP4_3 Pin=P4-3
Added Pin To Net: NetName=NetP4_3 Pin=R9-2
Added Net: Name=NetP4_3
Added Pin To Net: NetName=NetP4_5 Pin=P4-5
Added Pin To Net: NetName=NetP4_5 Pin=R5-2
Added Net: Name=NetP4_5
Add Class Member: Failed to add class member : Component D4 18 Zener
