Change Component Footprint: Designator=R1 Old Footprint=RES 0805 (2012X06L) New Footprint=RES 1206 (3216X08L)
Change Component Footprint: Designator=R6 Old Footprint=RES 0805 (2012X06L) New Footprint=RES 1206 (3216X08L)
Change Component Footprint: Designator=R11 Old Footprint=RES 0805 (2012X06L) New Footprint=RES 1206 (3216X08L)
Change Component Footprint: Designator=R15 Old Footprint=RES 0805 (2012X06L) New Footprint=RES 1206 (3216X08L)
Change Footprint: Cannot match pads with new footprint in component :D10 Footprint:LEDC3216X120N
Change Footprint: Cannot match pads with new footprint in component :D11 Footprint:LEDC3216X120N
Change Footprint: Cannot match pads with new footprint in component :D12 Footprint:LEDC3216X120N
Change Footprint: Cannot match pads with new footprint in component :D14 Footprint:LEDC3216X120N
Change Footprint: Cannot match pads with new footprint in component :D15 Footprint:LEDC3216X120N
Change Footprint: Cannot match pads with new footprint in component :D16 Footprint:LEDC3216X120N
Add component: Footprint Not Found minimelf
Add Pin To Net: Unknown Pin: Pin D4-1
Add Pin To Net: Unknown Pin: Pin D4-2
Add Pin To Net: Unknown Pin: Pin U3-4
Add Class Member: Failed to add class member : Component D4 18 Zener
Added Member To Class: ClassName=tach key f Member=Component R3 10K
Added Member To Class: ClassName=tach key f Member=Component R5 10K
Added Member To Class: ClassName=tach key f Member=Component R11 10K
Added Member To Class: ClassName=tach key f Member=Component R13 10K
Added Member To Class: ClassName=tach key f Member=Component R14 10K
