Change Footprint: Cannot match pads with new footprint in component :D10 Footprint:LEDC3216X120N
Change Footprint: Cannot match pads with new footprint in component :D11 Footprint:LEDC3216X120N
Change Footprint: Cannot match pads with new footprint in component :D14 Footprint:LEDC3216X120N
Change Footprint: Cannot match pads with new footprint in component :D15 Footprint:LEDC3216X120N
Change Footprint: Cannot match pads with new footprint in component :D19 Footprint:LEDC3216X120N
Change Footprint: Cannot match pads with new footprint in component :D20 Footprint:LEDC3216X120N
Add component: Footprint Not Found minimelf
Added Component: Designator=P4(HDR1X5)
Add component (AddParameter): Name = "LatestRevisionDate"; Value = "17-Jul-2002"; VariantName = "[No Variations]"
Add component (AddParameter): Name = "LatestRevisionNote"; Value = "Re-released for DXP Platform."; VariantName = "[No Variations]"
Add component (AddParameter): Name = "Publisher"; Value = "Altium Limited"; VariantName = "[No Variations]"
Added Component: Designator=P5(HDR1X5)
Add component (AddParameter): Name = "LatestRevisionDate"; Value = "17-Jul-2002"; VariantName = "[No Variations]"
Add component (AddParameter): Name = "LatestRevisionNote"; Value = "Re-released for DXP Platform."; VariantName = "[No Variations]"
Add component (AddParameter): Name = "Publisher"; Value = "Altium Limited"; VariantName = "[No Variations]"
Add Pin To Net: Unknown Pin: Pin D4-1
Add Pin To Net: Unknown Pin: Pin D4-2
Added Pin To Net: NetName=GND Pin=P4-1
Added Pin To Net: NetName=RF2 Pin=P4-2
Added Pin To Net: NetName=RF2 Pin=P4-3
Added Pin To Net: NetName=VCC Pin=P4-4
Added Pin To Net: NetName=GND Pin=P5-1
Added Pin To Net: NetName=RF Pin=P5-2
Added Pin To Net: NetName=RF Pin=P5-3
Added Pin To Net: NetName=VCC Pin=P5-4
Add Pin To Net: Unknown Pin: Pin U7-4
Add Class Member: Failed to add class member : Component D4 18 Zener
Added Member To Class: ClassName=tach key f Member=Component P4 Header 5
Added Member To Class: ClassName=tach key f Member=Component P5 Header 5
