Removed Pin From Net: NetName=o33 Pin=P2-1
Removed Pin From Net: NetName=o22 Pin=Q2-1
Removed Pin From Net: NetName=o33 Pin=R2-1
Removed Pin From Net: NetName=o33 Pin=R2-2
Removed Pin From Net: NetName=o22 Pin=R10-1
Removed Pin From Net: NetName=o22 Pin=R16-1
Removed Pin From Net: NetName=o33 Pin=U2-6
Change Footprint: Cannot match pads with new footprint in component :D10 Footprint:LEDC3216X120N
Change Footprint: Cannot match pads with new footprint in component :D11 Footprint:LEDC3216X120N
Change Footprint: Cannot match pads with new footprint in component :D14 Footprint:LEDC3216X120N
Change Footprint: Cannot match pads with new footprint in component :D15 Footprint:LEDC3216X120N
Change Footprint: Cannot match pads with new footprint in component :D19 Footprint:LEDC3216X120N
Change Footprint: Cannot match pads with new footprint in component :D20 Footprint:LEDC3216X120N
Add component: Footprint Not Found minimelf
Add Pin To Net: Unknown Pin: Pin D4-1
Add Pin To Net: Unknown Pin: Pin D4-2
Add Pin To Net: Unknown Pin: Pin D7-1
Add Pin To Net: Unknown Pin: Pin D7-2
Add Pin To Net: Unknown Pin: Pin D8-1
Add Pin To Net: Unknown Pin: Pin D8-2
Add Pin To Net: Unknown Pin: Pin D12-1
Add Pin To Net: Unknown Pin: Pin D13-2
Add Pin To Net: Unknown Pin: Pin D17-1
Add Pin To Net: Unknown Pin: Pin D17-2
Add Pin To Net: Unknown Pin: Pin D18-1
Add Pin To Net: Unknown Pin: Pin D18-2
Add Pin To Net: Unknown Pin: Pin D21-1
Add Pin To Net: Unknown Pin: Pin D21-2
Add Pin To Net: Unknown Pin: Pin D22-1
Add Pin To Net: Unknown Pin: Pin D22-2
Add Pin To Net: Unknown Pin: Pin U7-4
Change Net Name : Old Net Name=o11 New Net Name=o41
Change Net Name : Old Net Name=o33 New Net Name=o43
Added Pin To Net: NetName=o33 Pin=P2-1
Added Pin To Net: NetName=o33 Pin=R2-1
Added Pin To Net: NetName=o33 Pin=R2-2
Added Pin To Net: NetName=o33 Pin=U2-6
Added Net: Name=o33
Added Pin To Net: NetName=o42 Pin=R10-1
Added Pin To Net: NetName=o42 Pin=R16-1
Added Pin To Net: NetName=o42 Pin=Q2-1
Added Net: Name=o42
Add Class Member: Failed to add class member : Component D4 18 Zener
