Change Component Designator: OldDesignator= NewDesignator=J1
Change Component Designator: OldDesignator= NewDesignator=J4
Change Component Designator: OldDesignator= NewDesignator=JP2
Change Component Designator: OldDesignator= NewDesignator=JP3
Change Component Designator: OldDesignator=D5 NewDesignator=1
Change Component Designator: OldDesignator=D6 NewDesignator=1
Change Component Designator: OldDesignator=D7 NewDesignator=1
Change Component Designator: OldDesignator=D8 NewDesignator=1
Change Component Designator: OldDesignator=D9 NewDesignator=1
Change Component Designator: OldDesignator=D10 NewDesignator=1
Change Component Designator: OldDesignator=D11 NewDesignator=1
Change Component Designator: OldDesignator=D12 NewDesignator=1
Change Component Designator: OldDesignator=D13 NewDesignator=1
Change Component Designator: OldDesignator=D14 NewDesignator=1
Change Component Designator: OldDesignator=D15 NewDesignator=2
Change Component Designator: OldDesignator=D16 NewDesignator=2
Change Component Designator: OldDesignator=D17 NewDesignator=2
Change Component Designator: OldDesignator=D18 NewDesignator=2
Change Component Designator: OldDesignator=D19 NewDesignator=2
Change Component Designator: OldDesignator=D20 NewDesignator=4
Change Component Designator: OldDesignator=D21 NewDesignator=4
Change Component Designator: OldDesignator=D22 NewDesignator=4
Change Component Designator: OldDesignator=D23 NewDesignator=4
Change Component Designator: OldDesignator=D24 NewDesignator=4
Change Component Designator: OldDesignator=D25 NewDesignator=3
Change Component Designator: OldDesignator=D26 NewDesignator=3
Change Component Designator: OldDesignator=D27 NewDesignator=3
Change Component Designator: OldDesignator=D28 NewDesignator=3
Change Component Designator: OldDesignator=D29 NewDesignator=3
Change Component Designator: OldDesignator=D30 NewDesignator=3
Change Component Designator: OldDesignator=D31 NewDesignator=3
Change Component Designator: OldDesignator=D32 NewDesignator=3
Change Component Designator: OldDesignator=D33 NewDesignator=3
Change Component Designator: OldDesignator=D34 NewDesignator=3
Change Component Designator: OldDesignator=D35 NewDesignator=4
Change Component Designator: OldDesignator=D36 NewDesignator=4
Change Component Designator: OldDesignator=D37 NewDesignator=4
Change Component Designator: OldDesignator=D38 NewDesignator=4
Change Component Designator: OldDesignator=D39 NewDesignator=4
Change Component Designator: OldDesignator=D42 NewDesignator=2
Change Component Designator: OldDesignator=D43 NewDesignator=2
Change Component Designator: OldDesignator=D44 NewDesignator=2
Change Component Designator: OldDesignator=D45 NewDesignator=2
Change Component Designator: OldDesignator=D46 NewDesignator=2
Change Component Designator: OldDesignator=J-RF NewDesignator=J2
Change Component Designator: OldDesignator=JP-Buzzer NewDesignator=JP1
Change Net Name : Old Net Name=NetD5_2 New Net Name=Net1_1
Change Net Name : Old Net Name=NetD6_2 New Net Name=Net1_1
Change Net Name : Old Net Name=NetD7_2 New Net Name=Net1_1
Change Net Name : Old Net Name=NetD8_2 New Net Name=Net1_1
Change Net Name : Old Net Name=NetD10_2 New Net Name=Net1_1
Change Net Name : Old Net Name=NetD11_2 New Net Name=Net1_1
Change Net Name : Old Net Name=NetD12_2 New Net Name=Net1_1
Change Net Name : Old Net Name=NetD13_2 New Net Name=Net1_1
Change Net Name : Old Net Name=NetD15_2 New Net Name=Net2_1
Change Net Name : Old Net Name=NetD16_2 New Net Name=Net2_1
Change Net Name : Old Net Name=NetD17_2 New Net Name=Net2_1
Change Net Name : Old Net Name=NetD18_2 New Net Name=Net2_1
Change Net Name : Old Net Name=NetD20_2 New Net Name=Net4_1
Change Net Name : Old Net Name=NetD21_2 New Net Name=Net4_1
Change Net Name : Old Net Name=NetD22_2 New Net Name=Net4_1
Change Net Name : Old Net Name=NetD23_2 New Net Name=Net4_1
Change Net Name : Old Net Name=NetD25_2 New Net Name=Net3_1
Change Net Name : Old Net Name=NetD26_2 New Net Name=Net3_1
Change Net Name : Old Net Name=NetD27_2 New Net Name=Net3_1
Change Net Name : Old Net Name=NetD28_2 New Net Name=Net3_1
Change Net Name : Old Net Name=NetD30_2 New Net Name=Net3_1
Change Net Name : Old Net Name=NetD31_2 New Net Name=Net3_1
Change Net Name : Old Net Name=NetD32_2 New Net Name=Net3_1
Change Net Name : Old Net Name=NetD33_2 New Net Name=Net3_1
Change Net Name : Old Net Name=NetD35_2 New Net Name=Net4_1
Change Net Name : Old Net Name=NetD36_2 New Net Name=Net4_1
Change Net Name : Old Net Name=NetD37_2 New Net Name=Net4_1
Change Net Name : Old Net Name=NetD38_2 New Net Name=Net4_1
Change Net Name : Old Net Name=NetD42_2 New Net Name=Net2_1
Change Net Name : Old Net Name=NetD43_2 New Net Name=Net2_1
Change Net Name : Old Net Name=NetD44_2 New Net Name=Net2_1
Change Net Name : Old Net Name=NetD45_2 New Net Name=Net2_1
Added Member To Class: ClassName=touch-24-v6-serang Member=Component J1 Header3X2
Added Member To Class: ClassName=touch-24-v6-serang Member=Component JP2 Jumper Selector
Added Member To Class: ClassName=touch-24-v6-serang Member=Component JP3 Jumper Selector
