Removed Pin From Net: NetName=NetR9_2 Pin=U2-1
Removed Pin From Net: NetName=led IN Pin=U2-2
Removed Pin From Net: NetName=led IN Pin=U4-1
Removed Pin From Net: NetName=NetR9_2 Pin=U4-2
Removed Pin From Net: NetName=GND Pin=U4-3
Removed Pin From Net: NetName=led Pin=U4-4
Change Component Designator: OldDesignator= NewDesignator=J4
Change Component Designator: OldDesignator= NewDesignator=JP2
Change Component Designator: OldDesignator= NewDesignator=JP3
Change Component Designator: OldDesignator=U2 NewDesignator=U3
Change Component Designator: OldDesignator=U3 NewDesignator=U4
Added Component: Designator=U2(SOIC245P670X270-4N)
Add component (AddParameter): Name = "Digi-Key_Part_Number"; Value = "MB6SCT-ND"; VariantName = "[No Variations]"
Add component (AddParameter): Name = "Digi-Key_Purchase_URL"; Value = "https://www.digikey.com.tr/product-detail/en/on-semiconductor/MB6S/MB6SCT-ND/965654?utm_source=snapeda&utm_medium=aggregator&utm_campaign=symbol"; VariantName = "[No Variations]"
Add component (AddParameter): Name = "MF"; Value = "ON Semiconductor"; VariantName = "[No Variations]"
Add component (AddParameter): Name = "MP"; Value = "MB6S"; VariantName = "[No Variations]"
Add component (AddParameter): Name = "Package"; Value = "BESOP-4 Surge Components"; VariantName = "[No Variations]"
Add component (AddParameter): Name = "SnapEDA_Link"; Value = "https://www.snapeda.com/parts/MB6S/ON%20Semiconductor/view-part/2774209/?ref=snap"; VariantName = "[No Variations]"
Add component (AddParameter): Name = "Value"; Value = ""; VariantName = "[No Variations]"
Added Pin To Net: NetName=NetR9_2 Pin=U2-1
Added Pin To Net: NetName=led IN Pin=U2-2
Added Pin To Net: NetName=NetU2_3 Pin=U2-3
Added Pin To Net: NetName=NetU2_3 Pin=U3-2
Added Net: Name=NetU2_3
Added Pin To Net: NetName=NetU2_4 Pin=U2-4
Added Pin To Net: NetName=NetU2_4 Pin=U3-1
Added Net: Name=NetU2_4
Change Class Name : Old Net Name=touch-24-v5 New Net Name=touch-24-v6-serang
Added Member To Class: ClassName=touch-24-v6-serang Member=Component D37 LED2
Added Member To Class: ClassName=touch-24-v6-serang Member=Component D39 LED2
Added Member To Class: ClassName=touch-24-v6-serang Member=Component D43 LED2
Added Member To Class: ClassName=touch-24-v6-serang Member=Component D45 LED2
Added Member To Class: ClassName=touch-24-v6-serang Member=Component D48 D Tunnel1
Added Member To Class: ClassName=touch-24-v6-serang Member=Component J2 Header4X1
Added Member To Class: ClassName=touch-24-v6-serang Member=Component J4 Header3X2
Added Member To Class: ClassName=touch-24-v6-serang Member=Component JP2 Jumper Selector
Added Member To Class: ClassName=touch-24-v6-serang Member=Component JP3 Jumper Selector
Added Member To Class: ClassName=touch-24-v6-serang Member=Component R11 10K
Added Member To Class: ClassName=touch-24-v6-serang Member=Component R12 10K
Added Room: Name=touch-24-v6-serang
