Removed Pin From Net: NetName=key Pin=Q1-4
Change Component Designator: OldDesignator=D1 NewDesignator=D2
Change Component Designator: OldDesignator=D2 NewDesignator=D6
Change Component Designator: OldDesignator=D3 NewDesignator=D1
Change Component Designator: OldDesignator=D4 NewDesignator=D3
Change Component Designator: OldDesignator=D5 NewDesignator=D4
Change Component Designator: OldDesignator=D6 NewDesignator=D5
Change Component Designator: OldDesignator=J1 NewDesignator=J2
Change Component Designator: OldDesignator=J2 NewDesignator=J3
Change Component Designator: OldDesignator=Q1 NewDesignator=Q4
Change Component Designator: OldDesignator=Q2 NewDesignator=Q5
Change Component Designator: OldDesignator=Q3 NewDesignator=Q10
Change Component Designator: OldDesignator=Q4 NewDesignator=Q11
Change Component Designator: OldDesignator=Q5 NewDesignator=Q8
Change Component Designator: OldDesignator=Q6 NewDesignator=Q9
Change Component Designator: OldDesignator=R1 NewDesignator=R5
Change Component Designator: OldDesignator=R2 NewDesignator=R6
Change Component Designator: OldDesignator=R3 NewDesignator=R17
Change Component Designator: OldDesignator=R4 NewDesignator=R7
Change Component Designator: OldDesignator=R5 NewDesignator=R11
Change Component Designator: OldDesignator=R6 NewDesignator=R12
Change Component Designator: OldDesignator=R7 NewDesignator=R13
Change Component Designator: OldDesignator=R8 NewDesignator=R14
Change Component Designator: OldDesignator=R9 NewDesignator=R15
Change Component Designator: OldDesignator=R10 NewDesignator=R16
Change Component Designator: OldDesignator=U1 NewDesignator=U3
Change Component Designator: OldDesignator=U2 NewDesignator=U1
Change Component Designator: OldDesignator=U3 NewDesignator=U2
Added Component: Designator=C3(CAP 1206)
Added Component: Designator=C4(ELEC-CAP-RAD10-20)
Added Component: Designator=J1(HEADER 3X1)
Added Component: Designator=Q1(SOT223_N)
Add component (AddParameter): Name = "Code_IPC"; Value = "SOT223-4"; VariantName = "[No Variations]"
Add component (AddParameter): Name = "Code_JEDEC"; Value = "TO-261-AA-B"; VariantName = "[No Variations]"
Add component (AddParameter): Name = "Code_JEITA"; Value = "SC-75"; VariantName = "[No Variations]"
Add component (AddParameter): Name = "LatestRevisionDate"; Value = "29-May-2009"; VariantName = "[No Variations]"
Add component (AddParameter): Name = "LatestRevisionNote"; Value = "IPC-7351 Footprint Added."; VariantName = "[No Variations]"
Add component (AddParameter): Name = "PackageDescription"; Value = "4-Pin SOT-223 Package 2.3 mm Pitch, 7 mm Lead Span"; VariantName = "[No Variations]"
Add component (AddParameter): Name = "PackageReference"; Value = "SOT223"; VariantName = "[No Variations]"
Add component (AddParameter): Name = "PackageVersion"; Value = "2002"; VariantName = "[No Variations]"
Add component (AddParameter): Name = "Published"; Value = "24-Mar-1999"; VariantName = "[No Variations]"
Add component (AddParameter): Name = "Publisher"; Value = "Altium Limited"; VariantName = "[No Variations]"
Added Component: Designator=Q2(SOT-23B_L)
Add component (AddParameter): Name = "LatestRevisionDate"; Value = "29-May-2009"; VariantName = "[No Variations]"
Add component (AddParameter): Name = "LatestRevisionNote"; Value = "IPC-7351 Footprint Added."; VariantName = "[No Variations]"
Add component (AddParameter): Name = "PackageDescription"; Value = "3-Pin SOT-23 Package 0.95 mm Pitch, 2.4 mm Lead Span"; VariantName = "[No Variations]"
Add component (AddParameter): Name = "PackageReference"; Value = "SOT-23B"; VariantName = "[No Variations]"
Add component (AddParameter): Name = "PackageVersion"; Value = "Aug-1999"; VariantName = "[No Variations]"
Add component (AddParameter): Name = "Published"; Value = "8-Jun-2000"; VariantName = "[No Variations]"
Add component (AddParameter): Name = "Publisher"; Value = "Altium Limited"; VariantName = "[No Variations]"
Added Component: Designator=Q3(SOT-23B_N)
Add component (AddParameter): Name = "LatestRevisionDate"; Value = "29-May-2009"; VariantName = "[No Variations]"
Add component (AddParameter): Name = "LatestRevisionNote"; Value = "IPC-7351 Footprint Added."; VariantName = "[No Variations]"
Add component (AddParameter): Name = "PackageDescription"; Value = "3-Pin SOT-23 Package 0.95 mm Pitch, 2.4 mm Lead Span"; VariantName = "[No Variations]"
Add component (AddParameter): Name = "PackageReference"; Value = "SOT-23B"; VariantName = "[No Variations]"
Add component (AddParameter): Name = "PackageVersion"; Value = "Aug-1999"; VariantName = "[No Variations]"
Add component (AddParameter): Name = "Published"; Value = "8-Jun-2000"; VariantName = "[No Variations]"
Add component (AddParameter): Name = "Publisher"; Value = "Altium Limited"; VariantName = "[No Variations]"
Added Component: Designator=Q6(SOT-23B_N)
Add component (AddParameter): Name = "LatestRevisionDate"; Value = "29-May-2009"; VariantName = "[No Variations]"
Add component (AddParameter): Name = "LatestRevisionNote"; Value = "IPC-7351 Footprint Added."; VariantName = "[No Variations]"
Add component (AddParameter): Name = "PackageDescription"; Value = "3-Pin SOT-23 Package 0.95 mm Pitch, 2.4 mm Lead Span"; VariantName = "[No Variations]"
Add component (AddParameter): Name = "PackageReference"; Value = "SOT-23B"; VariantName = "[No Variations]"
Add component (AddParameter): Name = "PackageVersion"; Value = "Aug-1999"; VariantName = "[No Variations]"
Add component (AddParameter): Name = "Published"; Value = "8-Jun-2000"; VariantName = "[No Variations]"
Add component (AddParameter): Name = "Publisher"; Value = "Altium Limited"; VariantName = "[No Variations]"
Added Component: Designator=Q7(SOT-23B_L)
Add component (AddParameter): Name = "LatestRevisionDate"; Value = "29-May-2009"; VariantName = "[No Variations]"
Add component (AddParameter): Name = "LatestRevisionNote"; Value = "IPC-7351 Footprint Added."; VariantName = "[No Variations]"
Add component (AddParameter): Name = "PackageDescription"; Value = "3-Pin SOT-23 Package 0.95 mm Pitch, 2.4 mm Lead Span"; VariantName = "[No Variations]"
Add component (AddParameter): Name = "PackageReference"; Value = "SOT-23B"; VariantName = "[No Variations]"
Add component (AddParameter): Name = "PackageVersion"; Value = "Aug-1999"; VariantName = "[No Variations]"
Add component (AddParameter): Name = "Published"; Value = "8-Jun-2000"; VariantName = "[No Variations]"
Add component (AddParameter): Name = "Publisher"; Value = "Altium Limited"; VariantName = "[No Variations]"
Added Component: Designator=R1(RES 1206 (3216X08L))
Add component (AddParameter): Name = "Power"; Value = "1/4 W"; VariantName = "[No Variations]"
Add component (AddParameter): Name = "Tolerance"; Value = "5%"; VariantName = "[No Variations]"
Add component (AddParameter): Name = "Value"; Value = "10K"; VariantName = "[No Variations]"
Added Component: Designator=R2(RES 1206 (3216X08L))
Add component (AddParameter): Name = "Power"; Value = "1/4 W"; VariantName = "[No Variations]"
Add component (AddParameter): Name = "Tolerance"; Value = "5%"; VariantName = "[No Variations]"
Add component (AddParameter): Name = "Value"; Value = "10K"; VariantName = "[No Variations]"
Added Component: Designator=R3(RES 1206 (3216X08L))
Add component (AddParameter): Name = "Power"; Value = "1/4 W"; VariantName = "[No Variations]"
Add component (AddParameter): Name = "Tolerance"; Value = "5%"; VariantName = "[No Variations]"
Add component (AddParameter): Name = "Value"; Value = "10K"; VariantName = "[No Variations]"
Added Component: Designator=R4(RES 1206 (3216X08L))
Add component (AddParameter): Name = "Power"; Value = "1/4 W"; VariantName = "[No Variations]"
Add component (AddParameter): Name = "Tolerance"; Value = "5%"; VariantName = "[No Variations]"
Add component (AddParameter): Name = "Value"; Value = "10K"; VariantName = "[No Variations]"
Added Component: Designator=R8(RES 1206 (3216X08L))
Add component (AddParameter): Name = "Power"; Value = "1/4 W"; VariantName = "[No Variations]"
Add component (AddParameter): Name = "Tolerance"; Value = "5%"; VariantName = "[No Variations]"
Add component (AddParameter): Name = "Value"; Value = "10K"; VariantName = "[No Variations]"
Added Component: Designator=R9(RES 1206 (3216X08L))
Add component (AddParameter): Name = "Power"; Value = "1/4 W"; VariantName = "[No Variations]"
Add component (AddParameter): Name = "Tolerance"; Value = "5%"; VariantName = "[No Variations]"
Add component (AddParameter): Name = "Value"; Value = "10K"; VariantName = "[No Variations]"
Added Component: Designator=R10(RES 1206 (3216X08L))
Add component (AddParameter): Name = "Power"; Value = "1/4 W"; VariantName = "[No Variations]"
Add component (AddParameter): Name = "Tolerance"; Value = "5%"; VariantName = "[No Variations]"
Add component (AddParameter): Name = "Value"; Value = "10K"; VariantName = "[No Variations]"
Added Pin To Net: NetName=GND Pin=C3-1
Added Pin To Net: NetName=GND Pin=C4-1
Added Pin To Net: NetName=vcc Pin=C4-2
Added Pin To Net: NetName=key Pin=J1-2
Added Pin To Net: NetName=vdd Pin=Q1-3
Added Pin To Net: NetName=GND Pin=Q2-2
Added Pin To Net: NetName=vcc Pin=Q6-2
Added Pin To Net: NetName=out Pin=R3-1
Added Pin To Net: NetName=vcc Pin=R4-2
Added Pin To Net: NetName=out Pin=R9-1
Change Net Name : Old Net Name=NetD1_2 New Net Name=NetD2_2
Change Net Name : Old Net Name=NetD4_1 New Net Name=NetD3_1
Change Net Name : Old Net Name=NetD5_1 New Net Name=NetD4_1
Change Net Name : Old Net Name=NetD6_1 New Net Name=NetD5_1
Change Net Name : Old Net Name=NetJ1_1 New Net Name=NetJ2_1
Change Net Name : Old Net Name=NetQ1_1 New Net Name=NetQ4_1
Change Net Name : Old Net Name=NetQ2_2 New Net Name=NetQ5_2
Change Net Name : Old Net Name=NetQ3_1 New Net Name=NetQ10_1
Change Net Name : Old Net Name=NetQ3_2 New Net Name=NetQ10_2
Change Net Name : Old Net Name=NetQ3_3 New Net Name=NetQ10_3
Change Net Name : Old Net Name=NetQ5_1 New Net Name=NetQ8_1
Change Net Name : Old Net Name=NetQ5_2 New Net Name=NetQ8_2
Change Net Name : Old Net Name=NetQ6_2 New Net Name=NetQ9_2
Added Pin To Net: NetName=key+ Pin=J1-1
Added Pin To Net: NetName=key+ Pin=Q1-4
Added Net: Name=key+
Added Pin To Net: NetName=key- Pin=J1-3
Added Pin To Net: NetName=key- Pin=Q4-4
Added Net: Name=key-
Added Pin To Net: NetName=NetQ1_1 Pin=Q1-1
Added Pin To Net: NetName=NetQ1_1 Pin=R1-2
Added Net: Name=NetQ1_1
Added Pin To Net: NetName=NetQ2_1 Pin=R1-1
Added Pin To Net: NetName=NetQ2_1 Pin=Q2-3
Added Net: Name=NetQ2_1
Added Pin To Net: NetName=NetQ2_2 Pin=R2-2
Added Pin To Net: NetName=NetQ2_2 Pin=Q2-1
Added Net: Name=NetQ2_2
Added Pin To Net: NetName=NetQ3_2 Pin=R3-2
Added Pin To Net: NetName=NetQ3_2 Pin=Q3-1
Added Net: Name=NetQ3_2
Added Pin To Net: NetName=NetQ3_3 Pin=R2-1
Added Pin To Net: NetName=NetQ3_3 Pin=Q3-2
Added Net: Name=NetQ3_3
Added Pin To Net: NetName=NetQ6_1 Pin=R10-1
Added Pin To Net: NetName=NetQ6_1 Pin=Q6-3
Added Net: Name=NetQ6_1
Added Pin To Net: NetName=NetQ6_2 Pin=R9-2
Added Pin To Net: NetName=NetQ6_2 Pin=Q6-1
Added Net: Name=NetQ6_2
Added Pin To Net: NetName=NetQ7_1 Pin=R8-1
Added Pin To Net: NetName=NetQ7_1 Pin=Q7-3
Added Net: Name=NetQ7_1
Added Pin To Net: NetName=NetQ7_2 Pin=R10-2
Added Pin To Net: NetName=NetQ7_2 Pin=Q7-1
Added Net: Name=NetQ7_2
Added Member To Class: ClassName=ir-24v Member=Component C3 =Value
Added Member To Class: ClassName=ir-24v Member=Component C4 =Value
Added Member To Class: ClassName=ir-24v Member=Component J3 Header3X1
Added Member To Class: ClassName=ir-24v Member=Component Q7 QNPN
Added Member To Class: ClassName=ir-24v Member=Component Q8 QNPN
Added Member To Class: ClassName=ir-24v Member=Component Q9 QNPN
Added Member To Class: ClassName=ir-24v Member=Component Q10 MOSFET-P4
Added Member To Class: ClassName=ir-24v Member=Component Q11 QNPN
Added Member To Class: ClassName=ir-24v Member=Component R8 10K
Added Member To Class: ClassName=ir-24v Member=Component R9 10K
Added Member To Class: ClassName=ir-24v Member=Component R11 10K
Added Member To Class: ClassName=ir-24v Member=Component R12 10K
Added Member To Class: ClassName=ir-24v Member=Component R13 10K
Added Member To Class: ClassName=ir-24v Member=Component R14 10K
Added Member To Class: ClassName=ir-24v Member=Component R15 10K
Added Member To Class: ClassName=ir-24v Member=Component R16 10K
Added Member To Class: ClassName=ir-24v Member=Component R17 10K
