Removed Pin From Net: NetName=VDD Pin=R22-1
Removed Pin From Net: NetName=NetD10_1 Pin=R22-2
Removed Pin From Net: NetName=NetP1_1 Pin=U3-1
Change Component Footprint: Designator=R22 Old Footprint=RES 2010 (5026X08L) New Footprint=RES 1206 (3216X08L)
Added Component: Designator=P2(PIN1)
Add component (AddParameter): Name = "LatestRevisionDate"; Value = "17-Jul-2002"; VariantName = "[No Variations]"
Add component (AddParameter): Name = "LatestRevisionNote"; Value = "Re-released for DXP Platform."; VariantName = "[No Variations]"
Add component (AddParameter): Name = "Publisher"; Value = "Altium Limited"; VariantName = "[No Variations]"
Added Component: Designator=R1(RES 1206 (3216X08L))
Add component (AddParameter): Name = "Power"; Value = "1/4 W"; VariantName = "[No Variations]"
Add component (AddParameter): Name = "Tolerance"; Value = "5%"; VariantName = "[No Variations]"
Add component (AddParameter): Name = "Value"; Value = "10K"; VariantName = "[No Variations]"
Added Component: Designator=R23(RES 1206 (3216X08L))
Add component (AddParameter): Name = "Power"; Value = "1/4 W"; VariantName = "[No Variations]"
Add component (AddParameter): Name = "Tolerance"; Value = "5%"; VariantName = "[No Variations]"
Add component (AddParameter): Name = "Value"; Value = "10K"; VariantName = "[No Variations]"
Added Pin To Net: NetName=NetP2_1 Pin=P2-1
Added Pin To Net: NetName=o1 Pin=R1-1
Added Pin To Net: NetName=GND Pin=R1-2
Added Pin To Net: NetName=NetD10_1 Pin=R22-1
Added Pin To Net: NetName=VDD Pin=R22-2
Added Pin To Net: NetName=NetD10_1 Pin=R23-1
Added Pin To Net: NetName=VDD Pin=R23-2
Added Pin To Net: NetName=NetP2_1 Pin=U3-1
Added Member To Class: ClassName=touch-2ch-v4 Member=Component D2 LED2
Added Member To Class: ClassName=touch-2ch-v4 Member=Component P2 Plug
Added Member To Class: ClassName=touch-2ch-v4 Member=Component R1 10K
Added Member To Class: ClassName=touch-2ch-v4 Member=Component R23 10K
