Change Component Footprint: Designator=1 Old Footprint=RES 1210 (3226X07L) New Footprint=RES 0805 (2012X06L)
Change Component Footprint: Designator=2 Old Footprint=RES 1210 (3226X07L) New Footprint=RES 0805 (2012X06L)
Change Component Footprint: Designator=3 Old Footprint=RES 1210 (3226X07L) New Footprint=RES 0805 (2012X06L)
Change Component Footprint: Designator=4 Old Footprint=RES 1210 (3226X07L) New Footprint=RES 0805 (2012X06L)
Change Component Footprint: Designator=5 Old Footprint=RES 1210 (3226X07L) New Footprint=RES 0805 (2012X06L)
Change Component Footprint: Designator=6 Old Footprint=RES 1210 (3226X07L) New Footprint=RES 0805 (2012X06L)
Change Component Designator: OldDesignator=C1 NewDesignator=C2
Added Component: Designator=C1(CAP 1206)
Added Pin To Net: NetName=GND Pin=C1-1
Added Pin To Net: NetName=vcc Pin=C1-2
Change Net Name : Old Net Name=NetC1_1 New Net Name=NetC2_1
Change Net Name : Old Net Name=NetC1_2 New Net Name=NetC2_2
Added Member To Class: ClassName=RGB-mic Member=Component C2 =Value
Change Simulation Model (AddParameter): Name = "LatestRevisionDate"; Value = "17-Jul-2002"; VariantName = "[No Variations]"
Change Simulation Model (AddParameter): Name = "LatestRevisionNote"; Value = "Re-released for DXP Platform."; VariantName = "[No Variations]"
Change Simulation Model (AddParameter): Name = "PackageDescription"; Value = "SM LED; 2 Flat Leads"; VariantName = "[No Variations]"
Change Simulation Model (AddParameter): Name = "PackageReference"; Value = "3.2X1.6X1.1"; VariantName = "[No Variations]"
Change Simulation Model (AddParameter): Name = "PackageVersion"; Value = "Feb-2002"; VariantName = "[No Variations]"
Change Simulation Model (AddParameter): Name = "Published"; Value = "8-Jun-2000"; VariantName = "[No Variations]"
Change Simulation Model (AddParameter): Name = "Publisher"; Value = "Altium Limited"; VariantName = "[No Variations]"
Change Simulation Model (AddParameter): Name = "LatestRevisionDate"; Value = "17-Jul-2002"; VariantName = "[No Variations]"
Change Simulation Model (AddParameter): Name = "LatestRevisionNote"; Value = "Re-released for DXP Platform."; VariantName = "[No Variations]"
Change Simulation Model (AddParameter): Name = "PackageDescription"; Value = "SM LED; 2 Flat Leads"; VariantName = "[No Variations]"
Change Simulation Model (AddParameter): Name = "PackageReference"; Value = "3.2X1.6X1.1"; VariantName = "[No Variations]"
Change Simulation Model (AddParameter): Name = "PackageVersion"; Value = "Feb-2002"; VariantName = "[No Variations]"
Change Simulation Model (AddParameter): Name = "Published"; Value = "8-Jun-2000"; VariantName = "[No Variations]"
Change Simulation Model (AddParameter): Name = "Publisher"; Value = "Altium Limited"; VariantName = "[No Variations]"
Change Simulation Model (AddParameter): Name = "LatestRevisionDate"; Value = "17-Jul-2002"; VariantName = "[No Variations]"
Change Simulation Model (AddParameter): Name = "LatestRevisionNote"; Value = "Re-released for DXP Platform."; VariantName = "[No Variations]"
Change Simulation Model (AddParameter): Name = "PackageDescription"; Value = "SM LED; 2 Flat Leads"; VariantName = "[No Variations]"
Change Simulation Model (AddParameter): Name = "PackageReference"; Value = "3.2X1.6X1.1"; VariantName = "[No Variations]"
Change Simulation Model (AddParameter): Name = "PackageVersion"; Value = "Feb-2002"; VariantName = "[No Variations]"
Change Simulation Model (AddParameter): Name = "Published"; Value = "8-Jun-2000"; VariantName = "[No Variations]"
Change Simulation Model (AddParameter): Name = "Publisher"; Value = "Altium Limited"; VariantName = "[No Variations]"
Change Simulation Model (AddParameter): Name = "LatestRevisionDate"; Value = "17-Jul-2002"; VariantName = "[No Variations]"
Change Simulation Model (AddParameter): Name = "LatestRevisionNote"; Value = "Re-released for DXP Platform."; VariantName = "[No Variations]"
Change Simulation Model (AddParameter): Name = "PackageDescription"; Value = "SM LED; 2 Flat Leads"; VariantName = "[No Variations]"
Change Simulation Model (AddParameter): Name = "PackageReference"; Value = "3.2X1.6X1.1"; VariantName = "[No Variations]"
Change Simulation Model (AddParameter): Name = "PackageVersion"; Value = "Feb-2002"; VariantName = "[No Variations]"
Change Simulation Model (AddParameter): Name = "Published"; Value = "8-Jun-2000"; VariantName = "[No Variations]"
Change Simulation Model (AddParameter): Name = "Publisher"; Value = "Altium Limited"; VariantName = "[No Variations]"
Change Simulation Model (AddParameter): Name = "LatestRevisionDate"; Value = "17-Jul-2002"; VariantName = "[No Variations]"
Change Simulation Model (AddParameter): Name = "LatestRevisionNote"; Value = "Re-released for DXP Platform."; VariantName = "[No Variations]"
Change Simulation Model (AddParameter): Name = "PackageDescription"; Value = "SM LED; 2 Flat Leads"; VariantName = "[No Variations]"
Change Simulation Model (AddParameter): Name = "PackageReference"; Value = "3.2X1.6X1.1"; VariantName = "[No Variations]"
Change Simulation Model (AddParameter): Name = "PackageVersion"; Value = "Feb-2002"; VariantName = "[No Variations]"
Change Simulation Model (AddParameter): Name = "Published"; Value = "8-Jun-2000"; VariantName = "[No Variations]"
Change Simulation Model (AddParameter): Name = "Publisher"; Value = "Altium Limited"; VariantName = "[No Variations]"
Change Simulation Model (AddParameter): Name = "LatestRevisionDate"; Value = "17-Jul-2002"; VariantName = "[No Variations]"
Change Simulation Model (AddParameter): Name = "LatestRevisionNote"; Value = "Re-released for DXP Platform."; VariantName = "[No Variations]"
Change Simulation Model (AddParameter): Name = "PackageDescription"; Value = "SM LED; 2 Flat Leads"; VariantName = "[No Variations]"
Change Simulation Model (AddParameter): Name = "PackageReference"; Value = "3.2X1.6X1.1"; VariantName = "[No Variations]"
Change Simulation Model (AddParameter): Name = "PackageVersion"; Value = "Feb-2002"; VariantName = "[No Variations]"
Change Simulation Model (AddParameter): Name = "Published"; Value = "8-Jun-2000"; VariantName = "[No Variations]"
Change Simulation Model (AddParameter): Name = "Publisher"; Value = "Altium Limited"; VariantName = "[No Variations]"
Change Simulation Model (AddParameter): Name = "LatestRevisionDate"; Value = "29-May-2009"; VariantName = "[No Variations]"
Change Simulation Model (AddParameter): Name = "LatestRevisionNote"; Value = "IPC-7351 Footprint Added."; VariantName = "[No Variations]"
Change Simulation Model (AddParameter): Name = "PackageDescription"; Value = "3-Pin SOT-23 Package 0.95 mm Pitch, 2.4 mm Lead Span"; VariantName = "[No Variations]"
Change Simulation Model (AddParameter): Name = "PackageReference"; Value = "SOT-23B"; VariantName = "[No Variations]"
Change Simulation Model (AddParameter): Name = "PackageVersion"; Value = "Aug-1999"; VariantName = "[No Variations]"
Change Simulation Model (AddParameter): Name = "Published"; Value = "8-Jun-2000"; VariantName = "[No Variations]"
Change Simulation Model (AddParameter): Name = "Publisher"; Value = "Altium Limited"; VariantName = "[No Variations]"
Change Simulation Model (AddParameter): Name = "Power"; Value = "1/4 W"; VariantName = "[No Variations]"
Change Simulation Model (AddParameter): Name = "Tolerance"; Value = "5%"; VariantName = "[No Variations]"
Change Simulation Model (AddParameter): Name = "Value"; Value = "10K"; VariantName = "[No Variations]"
Change Simulation Model (AddParameter): Name = "Power"; Value = "1/4 W"; VariantName = "[No Variations]"
Change Simulation Model (AddParameter): Name = "Tolerance"; Value = "5%"; VariantName = "[No Variations]"
Change Simulation Model (AddParameter): Name = "Value"; Value = "10K"; VariantName = "[No Variations]"
Change Simulation Model (AddParameter): Name = "Power"; Value = "1/4 W"; VariantName = "[No Variations]"
Change Simulation Model (AddParameter): Name = "Tolerance"; Value = "5%"; VariantName = "[No Variations]"
Change Simulation Model (AddParameter): Name = "Value"; Value = "10K"; VariantName = "[No Variations]"
