Change Component Designator: Old Designator=D5 New Designator=D1
Change Component Designator: Old Designator=D6 New Designator=D2
Change Component Designator: Old Designator=D7 New Designator=D3
Change Component Designator: Old Designator=D8 New Designator=D13
Change Component Designator: Old Designator=D9 New Designator=D14
Change Component Designator: Old Designator=D10 New Designator=D15
Change Component Designator: Old Designator=D15 New Designator=D127
Change Component Designator: Old Designator=D17 New Designator=D25
Change Component Designator: Old Designator=D18 New Designator=D26
Change Component Designator: Old Designator=D19 New Designator=D27
Change Component Designator: Old Designator=D24 New Designator=D37
Change Component Designator: Old Designator=D25 New Designator=D38
Change Component Designator: Old Designator=D26 New Designator=D39
Change Component Designator: Old Designator=D33 New Designator=D49
Change Component Designator: Old Designator=D34 New Designator=D50
Change Component Designator: Old Designator=D35 New Designator=D51
Change Component Designator: Old Designator=D40 New Designator=D61
Change Component Designator: Old Designator=D41 New Designator=D62
Change Component Designator: Old Designator=D42 New Designator=D63
Change Component Designator: Old Designator=D? New Designator=D4
Change Component Designator: Old Designator=D? New Designator=D5
Change Component Designator: Old Designator=D? New Designator=D6
Change Component Designator: Old Designator=D? New Designator=D7
Change Component Designator: Old Designator=D? New Designator=D8
Change Component Designator: Old Designator=D? New Designator=D9
Change Component Designator: Old Designator=D? New Designator=D10
Change Component Designator: Old Designator=D? New Designator=D11
Change Component Designator: Old Designator=D? New Designator=D12
Change Component Designator: Old Designator=D? New Designator=D16
Change Component Designator: Old Designator=D? New Designator=D17
Change Component Designator: Old Designator=D? New Designator=D18
Change Component Designator: Old Designator=D? New Designator=D19
Change Component Designator: Old Designator=D? New Designator=D20
Change Component Designator: Old Designator=D? New Designator=D21
Change Component Designator: Old Designator=D? New Designator=D22
Change Component Designator: Old Designator=D? New Designator=D23
Change Component Designator: Old Designator=D? New Designator=D24
Change Component Designator: Old Designator=D? New Designator=D28
Change Component Designator: Old Designator=D? New Designator=D29
Change Component Designator: Old Designator=D? New Designator=D30
Change Component Designator: Old Designator=D? New Designator=D31
Change Component Designator: Old Designator=D? New Designator=D32
Change Component Designator: Old Designator=D? New Designator=D33
Change Component Designator: Old Designator=D? New Designator=D34
Change Component Designator: Old Designator=D? New Designator=D35
Change Component Designator: Old Designator=D? New Designator=D36
Change Component Designator: Old Designator=D? New Designator=D40
Change Component Designator: Old Designator=D? New Designator=D41
Change Component Designator: Old Designator=D? New Designator=D42
Change Component Designator: Old Designator=D? New Designator=D43
Change Component Designator: Old Designator=D? New Designator=D44
Change Component Designator: Old Designator=D? New Designator=D45
Change Component Designator: Old Designator=D? New Designator=D46
Change Component Designator: Old Designator=D? New Designator=D47
Change Component Designator: Old Designator=D? New Designator=D48
Change Component Designator: Old Designator=D? New Designator=D52
Change Component Designator: Old Designator=D? New Designator=D53
Change Component Designator: Old Designator=D? New Designator=D54
Change Component Designator: Old Designator=D? New Designator=D55
Change Component Designator: Old Designator=D? New Designator=D56
Change Component Designator: Old Designator=D? New Designator=D57
Change Component Designator: Old Designator=D? New Designator=D58
Change Component Designator: Old Designator=D? New Designator=D59
Change Component Designator: Old Designator=D? New Designator=D60
Change Component Designator: Old Designator=D? New Designator=D64
Change Component Designator: Old Designator=D? New Designator=D65
Change Component Designator: Old Designator=D? New Designator=D66
Change Component Designator: Old Designator=D? New Designator=D67
Change Component Designator: Old Designator=D? New Designator=D68
Change Component Designator: Old Designator=D? New Designator=D69
Change Component Designator: Old Designator=D? New Designator=D70
Change Component Designator: Old Designator=D? New Designator=D71
Change Component Designator: Old Designator=D? New Designator=D72
Change Component Designator: Old Designator=D? New Designator=D73
Change Component Designator: Old Designator=D? New Designator=D74
Change Component Designator: Old Designator=D? New Designator=D75
Change Component Designator: Old Designator=D? New Designator=D76
Change Component Designator: Old Designator=D? New Designator=D77
Change Component Designator: Old Designator=D? New Designator=D78
Change Component Designator: Old Designator=D? New Designator=D79
Change Component Designator: Old Designator=D? New Designator=D80
Change Component Designator: Old Designator=D? New Designator=D81
Change Component Designator: Old Designator=D? New Designator=D82
Change Component Designator: Old Designator=D? New Designator=D83
Change Component Designator: Old Designator=D? New Designator=D84
Change Component Designator: Old Designator=D? New Designator=D85
Change Component Designator: Old Designator=D? New Designator=D86
Change Component Designator: Old Designator=D? New Designator=D87
Change Component Designator: Old Designator=D? New Designator=D88
Change Component Designator: Old Designator=D? New Designator=D89
Change Component Designator: Old Designator=D? New Designator=D90
Change Component Designator: Old Designator=D? New Designator=D91
Change Component Designator: Old Designator=D? New Designator=D92
Change Component Designator: Old Designator=D? New Designator=D93
Change Component Designator: Old Designator=D? New Designator=D94
Change Component Designator: Old Designator=D? New Designator=D95
Change Component Designator: Old Designator=D? New Designator=D96
Change Component Designator: Old Designator=D? New Designator=D97
Change Component Designator: Old Designator=D? New Designator=D98
Change Component Designator: Old Designator=D? New Designator=D99
Change Component Designator: Old Designator=D? New Designator=D100
Change Component Designator: Old Designator=D? New Designator=D101
Change Component Designator: Old Designator=D? New Designator=D102
Change Component Designator: Old Designator=D? New Designator=D103
Change Component Designator: Old Designator=D? New Designator=D104
Change Component Designator: Old Designator=D? New Designator=D105
Change Component Designator: Old Designator=D? New Designator=D106
Change Component Designator: Old Designator=D? New Designator=D107
Change Component Designator: Old Designator=D? New Designator=D108
Change Component Designator: Old Designator=D? New Designator=D109
Change Component Designator: Old Designator=D? New Designator=D110
Change Component Designator: Old Designator=D? New Designator=D111
Change Component Designator: Old Designator=D? New Designator=D112
Change Component Designator: Old Designator=D? New Designator=D113
Change Component Designator: Old Designator=D? New Designator=D114
Change Component Designator: Old Designator=D? New Designator=D115
Change Component Designator: Old Designator=D? New Designator=D116
Change Component Designator: Old Designator=D? New Designator=D117
Change Component Designator: Old Designator=D? New Designator=D118
Change Component Designator: Old Designator=D? New Designator=D119
Change Component Designator: Old Designator=D? New Designator=D120
Change Component Designator: Old Designator=D? New Designator=D121
Change Component Designator: Old Designator=D? New Designator=D122
Change Component Designator: Old Designator=D? New Designator=D123
Change Component Designator: Old Designator=D? New Designator=D124
Change Component Designator: Old Designator=D? New Designator=D125
Change Component Designator: Old Designator=D? New Designator=D126
Change Component Designator: Old Designator=P2 New Designator=P1
Change Component Designator: Old Designator=R2 New Designator=R1
Change Component Designator: Old Designator=R4 New Designator=R5
Change Component Designator: Old Designator=R5 New Designator=R9
Change Component Designator: Old Designator=R7 New Designator=R13
Change Component Designator: Old Designator=R9 New Designator=R17
Change Component Designator: Old Designator=R11 New Designator=R21
Change Component Designator: Old Designator=R? New Designator=R2
Change Component Designator: Old Designator=R? New Designator=R3
Change Component Designator: Old Designator=R? New Designator=R4
Change Component Designator: Old Designator=R? New Designator=R6
Change Component Designator: Old Designator=R? New Designator=R7
Change Component Designator: Old Designator=R? New Designator=R8
Change Component Designator: Old Designator=R? New Designator=R10
Change Component Designator: Old Designator=R? New Designator=R11
Change Component Designator: Old Designator=R? New Designator=R12
Change Component Designator: Old Designator=R? New Designator=R14
Change Component Designator: Old Designator=R? New Designator=R15
Change Component Designator: Old Designator=R? New Designator=R16
Change Component Designator: Old Designator=R? New Designator=R18
Change Component Designator: Old Designator=R? New Designator=R19
Change Component Designator: Old Designator=R? New Designator=R20
Change Component Designator: Old Designator=R? New Designator=R22
Change Component Designator: Old Designator=R? New Designator=R23
Change Component Designator: Old Designator=R? New Designator=R24
Change Component Designator: Old Designator=R? New Designator=R25
Change Component Designator: Old Designator=R? New Designator=R26
Change Component Designator: Old Designator=R? New Designator=R27
Change Component Designator: Old Designator=R? New Designator=R28
Change Component Designator: Old Designator=R? New Designator=R29
Change Component Designator: Old Designator=R? New Designator=R30
Change Component Designator: Old Designator=R? New Designator=R31
Change Component Designator: Old Designator=R? New Designator=R32
Change Component Designator: Old Designator=R? New Designator=R33
Change Component Designator: Old Designator=R? New Designator=R34
Change Component Designator: Old Designator=R? New Designator=R35
Change Component Designator: Old Designator=R? New Designator=R36
Change Component Designator: Old Designator=R? New Designator=R37
Change Component Designator: Old Designator=R? New Designator=R38
Change Component Designator: Old Designator=R? New Designator=R39
Change Component Designator: Old Designator=R? New Designator=R40
Change Component Designator: Old Designator=R? New Designator=R41
Change Component Designator: Old Designator=R? New Designator=R42
