Removed Pin From Net: NetName=VCC Pin=C6-1
Removed Pin From Net: NetName=GND Pin=C6-2
Removed Pin From Net: NetName=VCC Pin=C8-1
Removed Pin From Net: NetName=GND Pin=C8-2
Removed Pin From Net: NetName=VCC Pin=U4-3
Removed Pin From Net: NetName=GND Pin=U4-4
Removed Pin From Net: NetName=VCC Pin=U5-3
Removed Pin From Net: NetName=GND Pin=U5-4
Added Component: Designator=C7(CAP 1206)
Added Component: Designator=C10(CAP 1206)
Add component: Footprint Not Found minimelf
Added Pin To Net: NetName=GND Pin=C6-1
Added Pin To Net: NetName=VCC Pin=C6-2
Added Pin To Net: NetName=NetC7_1 Pin=C7-1
Added Pin To Net: NetName=GND Pin=C7-2
Added Pin To Net: NetName=GND Pin=C8-1
Added Pin To Net: NetName=VCC Pin=C8-2
Added Pin To Net: NetName=NetC10_1 Pin=C10-1
Added Pin To Net: NetName=GND Pin=C10-2
Add Pin To Net: Unknown Pin: Pin D4-1
Add Pin To Net: Unknown Pin: Pin D4-2
Added Pin To Net: NetName=GND Pin=U4-3
Added Pin To Net: NetName=VCC Pin=U4-4
Added Pin To Net: NetName=GND Pin=U5-3
Added Pin To Net: NetName=VCC Pin=U5-4
Add Pin To Net: Unknown Pin: Pin U7-4
Change Class Name : Old Net Name=tach key f New Net Name=tach key H-4key
Added Member To Class: ClassName=tach key H-4key Member=Component C7 =Value
Added Member To Class: ClassName=tach key H-4key Member=Component C10 =Value
Add Class Member: Failed to add class member : Component D4 18 Zener
Change Room Name: Old Name=tach key f New Name=tach key H-4key
Change Room Scope: Old Scope=InComponentClass('tach key f') New Scope=InComponentClass('tach key H-4key')
