Removed Pin From Net: NetName=o2 Pin=P1-5
Removed Pin From Net: NetName=o1 Pin=P1-6
Removed Pin From Net: NetName=o3 Pin=R1-2
Removed Pin From Net: NetName=o2 Pin=R4-2
Removed Pin From Net: NetName=o1 Pin=R6-2
Added Component: Designator=C7(CAP 1206)
Added Component: Designator=C10(CAP 1206)
Add component: Footprint Not Found minimelf
Added Pin To Net: NetName=NetC7_1 Pin=C7-1
Added Pin To Net: NetName=GND Pin=C7-2
Added Pin To Net: NetName=NetC10_1 Pin=C10-1
Added Pin To Net: NetName=GND Pin=C10-2
Add Pin To Net: Unknown Pin: Pin D4-1
Add Pin To Net: Unknown Pin: Pin D4-2
Added Pin To Net: NetName=o3 Pin=R4-2
Add Pin To Net: Unknown Pin: Pin U7-4
Added Pin To Net: NetName=NetP1_1 Pin=P1-1
Added Pin To Net: NetName=NetP1_1 Pin=R1-2
Added Net: Name=NetP1_1
Added Pin To Net: NetName=NetP1_5 Pin=P1-5
Added Pin To Net: NetName=NetP1_5 Pin=R6-2
Added Net: Name=NetP1_5
Added Member To Class: ClassName=tach key H-4key Member=Component C7 =Value
Added Member To Class: ClassName=tach key H-4key Member=Component C10 =Value
Add Class Member: Failed to add class member : Component D4 18 Zener
