Change Component Designator: OldDesignator=C8 NewDesignator=C7
Change Component Designator: OldDesignator=C9 NewDesignator=C8
Change Component Designator: OldDesignator=C10 NewDesignator=C9
Change Component Designator: OldDesignator=C11 NewDesignator=C10
Change Component Designator: OldDesignator=R22 NewDesignator=R23
Change Component Designator: OldDesignator=R23 NewDesignator=R24
Change Component Designator: OldDesignator=R24 NewDesignator=R25
Add component: Footprint Not Found minimelf
Added Component: Designator=R22(RES 1206 (3216X08L))
Add component (AddParameter): Name = "Power"; Value = "1/4 W"; VariantName = "[No Variations]"
Add component (AddParameter): Name = "Tolerance"; Value = "5%"; VariantName = "[No Variations]"
Add component (AddParameter): Name = "Value"; Value = "10K"; VariantName = "[No Variations]"
Added Pin To Net: NetName=biz2 Pin=Buzzer2-1
Added Pin To Net: NetName=GND Pin=Buzzer2-2
Add Pin To Net: Unknown Pin: Pin D4-1
Add Pin To Net: Unknown Pin: Pin D4-2
Added Pin To Net: NetName=VCC Pin=R22-1
Added Pin To Net: NetName=VCC Pin=R22-2
Added Pin To Net: NetName=biz2 Pin=U4-2
Add Pin To Net: Unknown Pin: Pin U7-4
Added Member To Class: ClassName=tach key H-4key Member=Component Buzzer2 Buzzer
Add Class Member: Failed to add class member : Component D4 18 Zener
Added Member To Class: ClassName=tach key H-4key Member=Component R22 10K
Added Member To Class: ClassName=tach key H-4key Member=Component R23 10K
Added Member To Class: ClassName=tach key H-4key Member=Component R25 10K
