Removed Pin From Net: NetName=NetC1_2 Pin=C2-2
Removed Pin From Net: NetName=NetC3_1 Pin=C3-1
Removed Pin From Net: NetName=NetC1_2 Pin=C3-2
Change Footprint: Footprint Not Found ELEC-CAP-RAD20-40
Change Footprint: Footprint Not Found ELEC-CAP-RAD20-40
Change Footprint: Footprint Not Found LEDC3216X120N
Change Footprint: Footprint Not Found LEDC3216X120N
Change Footprint: Footprint Not Found LEDC3216X120N
Change Footprint: Footprint Not Found LEDC3216X120N
Change Footprint: Footprint Not Found LEDC3216X120N
Change Footprint: Footprint Not Found LEDC3216X120N
Change Component Designator: OldDesignator=D9 NewDesignator=D10
Change Component Designator: OldDesignator=D10 NewDesignator=D11
Change Component Designator: OldDesignator=D11 NewDesignator=D9
Add component: Footprint Not Found CAP 1206
Add component: Footprint Not Found minimelf
Added Pin To Net: NetName=NetC1_2 Pin=C2-1
Added Pin To Net: NetName=NetC1_2 Pin=C3-1
Added Pin To Net: NetName=NetC3_1 Pin=C3-2
Add Pin To Net: Unknown Pin: Pin C6-1
Add Pin To Net: Unknown Pin: Pin C6-2
Add Pin To Net: Unknown Pin: Pin D4-1
Add Pin To Net: Unknown Pin: Pin D4-2
Change Net Name : Old Net Name=NetC3_1 New Net Name=NetC3_2
Change Net Name : Old Net Name=NetD9_1 New Net Name=NetD10_1
Change Net Name : Old Net Name=NetD10_1 New Net Name=NetD11_1
Change Net Name : Old Net Name=NetD11_1 New Net Name=NetD9_1
Added Pin To Net: NetName=NetC2_2 Pin=C2-2
Added Pin To Net: NetName=NetC2_2 Pin=D1-2
Added Pin To Net: NetName=NetC2_2 Pin=U2-4
Added Net: Name=NetC2_2
Add Class Member: Failed to add class member : Component C6 =Value
Add Class Member: Failed to add class member : Component D4 18 Zener
Added Member To Class: ClassName=tach key h Member=Component D9 MODEL
Added Member To Class: ClassName=tach key h Member=Component D10 MODEL
Added Member To Class: ClassName=tach key h Member=Component D11 MODEL
Added Member To Class: ClassName=tach key h Member=Component D12 MODEL
Added Member To Class: ClassName=tach key h Member=Component D13 MODEL
Added Member To Class: ClassName=tach key h Member=Component D14 MODEL
Added Rule: Name=Schematic Supply Nets
Added Rule: Name=Schematic Supply Nets_1
Added Rule: Name=Schematic Supply Nets_2
Change Simulation Model (AddParameter): Name = "Code_JEDEC"; Value = "DO-214-AA"; VariantName = "[No Variations]"
Change Simulation Model (AddParameter): Name = "LatestRevisionDate"; Value = "17-Jul-2002"; VariantName = "[No Variations]"
Change Simulation Model (AddParameter): Name = "LatestRevisionNote"; Value = "Re-released for DXP Platform."; VariantName = "[No Variations]"
Change Simulation Model (AddParameter): Name = "PackageDescription"; Value = "DO-214-AA/SMB; 2 C-Bend Leads; Body 5.3 x 3.6 mm, inc. leads (LxW)"; VariantName = "[No Variations]"
Change Simulation Model (AddParameter): Name = "PackageReference"; Value = "SMB"; VariantName = "[No Variations]"
Change Simulation Model (AddParameter): Name = "Published"; Value = "8-Jun-2000"; VariantName = "[No Variations]"
Change Simulation Model (AddParameter): Name = "Publisher"; Value = "Altium Limited"; VariantName = "[No Variations]"
Change Simulation Model (AddParameter): Name = "Code_JEDEC"; Value = "DO-214-AA"; VariantName = "[No Variations]"
Change Simulation Model (AddParameter): Name = "LatestRevisionDate"; Value = "17-Jul-2002"; VariantName = "[No Variations]"
Change Simulation Model (AddParameter): Name = "LatestRevisionNote"; Value = "Re-released for DXP Platform."; VariantName = "[No Variations]"
Change Simulation Model (AddParameter): Name = "PackageDescription"; Value = "DO-214-AA/SMB; 2 C-Bend Leads; Body 5.3 x 3.6 mm, inc. leads (LxW)"; VariantName = "[No Variations]"
Change Simulation Model (AddParameter): Name = "PackageReference"; Value = "SMB"; VariantName = "[No Variations]"
Change Simulation Model (AddParameter): Name = "Published"; Value = "8-Jun-2000"; VariantName = "[No Variations]"
Change Simulation Model (AddParameter): Name = "Publisher"; Value = "Altium Limited"; VariantName = "[No Variations]"
Change Simulation Model (AddParameter): Name = "Code_JEDEC"; Value = "DO-214-AA"; VariantName = "[No Variations]"
Change Simulation Model (AddParameter): Name = "LatestRevisionDate"; Value = "17-Jul-2002"; VariantName = "[No Variations]"
Change Simulation Model (AddParameter): Name = "LatestRevisionNote"; Value = "Re-released for DXP Platform."; VariantName = "[No Variations]"
Change Simulation Model (AddParameter): Name = "PackageDescription"; Value = "DO-214-AA/SMB; 2 C-Bend Leads; Body 5.3 x 3.6 mm, inc. leads (LxW)"; VariantName = "[No Variations]"
Change Simulation Model (AddParameter): Name = "PackageReference"; Value = "SMB"; VariantName = "[No Variations]"
Change Simulation Model (AddParameter): Name = "Published"; Value = "8-Jun-2000"; VariantName = "[No Variations]"
Change Simulation Model (AddParameter): Name = "Publisher"; Value = "Altium Limited"; VariantName = "[No Variations]"
Change Simulation Model (AddParameter): Name = "LatestRevisionDate"; Value = "17-Jul-2002"; VariantName = "[No Variations]"
Change Simulation Model (AddParameter): Name = "LatestRevisionNote"; Value = "Re-released for DXP Platform."; VariantName = "[No Variations]"
Change Simulation Model (AddParameter): Name = "PackageDescription"; Value = "SM LED; 2 Flat Leads"; VariantName = "[No Variations]"
Change Simulation Model (AddParameter): Name = "PackageReference"; Value = "3.2X1.6X1.1"; VariantName = "[No Variations]"
Change Simulation Model (AddParameter): Name = "PackageVersion"; Value = "Feb-2002"; VariantName = "[No Variations]"
Change Simulation Model (AddParameter): Name = "Published"; Value = "8-Jun-2000"; VariantName = "[No Variations]"
Change Simulation Model (AddParameter): Name = "Publisher"; Value = "Altium Limited"; VariantName = "[No Variations]"
Change Simulation Model (AddParameter): Name = "LatestRevisionDate"; Value = "17-Jul-2002"; VariantName = "[No Variations]"
Change Simulation Model (AddParameter): Name = "LatestRevisionNote"; Value = "Re-released for DXP Platform."; VariantName = "[No Variations]"
Change Simulation Model (AddParameter): Name = "PackageDescription"; Value = "SM LED; 2 Flat Leads"; VariantName = "[No Variations]"
Change Simulation Model (AddParameter): Name = "PackageReference"; Value = "3.2X1.6X1.1"; VariantName = "[No Variations]"
Change Simulation Model (AddParameter): Name = "PackageVersion"; Value = "Feb-2002"; VariantName = "[No Variations]"
Change Simulation Model (AddParameter): Name = "Published"; Value = "8-Jun-2000"; VariantName = "[No Variations]"
Change Simulation Model (AddParameter): Name = "Publisher"; Value = "Altium Limited"; VariantName = "[No Variations]"
Change Simulation Model (AddParameter): Name = "LatestRevisionDate"; Value = "17-Jul-2002"; VariantName = "[No Variations]"
Change Simulation Model (AddParameter): Name = "LatestRevisionNote"; Value = "Re-released for DXP Platform."; VariantName = "[No Variations]"
Change Simulation Model (AddParameter): Name = "PackageDescription"; Value = "SM LED; 2 Flat Leads"; VariantName = "[No Variations]"
Change Simulation Model (AddParameter): Name = "PackageReference"; Value = "3.2X1.6X1.1"; VariantName = "[No Variations]"
Change Simulation Model (AddParameter): Name = "PackageVersion"; Value = "Feb-2002"; VariantName = "[No Variations]"
Change Simulation Model (AddParameter): Name = "Published"; Value = "8-Jun-2000"; VariantName = "[No Variations]"
Change Simulation Model (AddParameter): Name = "Publisher"; Value = "Altium Limited"; VariantName = "[No Variations]"
Change Simulation Model (AddParameter): Name = "Code_IEC"; Value = "1005"; VariantName = "[No Variations]"
Change Simulation Model (AddParameter): Name = "Code_JEITA"; Value = "0402"; VariantName = "[No Variations]"
Change Simulation Model (AddParameter): Name = "LatestRevisionDate"; Value = "17-Jul-2002"; VariantName = "[No Variations]"
Change Simulation Model (AddParameter): Name = "LatestRevisionNote"; Value = "Re-released for DXP Platform."; VariantName = "[No Variations]"
Change Simulation Model (AddParameter): Name = "PackageReference"; Value = "0402-A"; VariantName = "[No Variations]"
Change Simulation Model (AddParameter): Name = "Published"; Value = "8-Jun-2000"; VariantName = "[No Variations]"
Change Simulation Model (AddParameter): Name = "Publisher"; Value = "Altium Limited"; VariantName = "[No Variations]"
Change Simulation Model (AddParameter): Name = "Value"; Value = "1mH"; VariantName = "[No Variations]"
Change Simulation Model (AddParameter): Name = "LatestRevisionDate"; Value = "29-May-2009"; VariantName = "[No Variations]"
Change Simulation Model (AddParameter): Name = "LatestRevisionNote"; Value = "IPC-7351 Footprint Added."; VariantName = "[No Variations]"
Change Simulation Model (AddParameter): Name = "PackageDescription"; Value = "3-Pin SOT-23 Package 0.95 mm Pitch, 2.4 mm Lead Span"; VariantName = "[No Variations]"
Change Simulation Model (AddParameter): Name = "PackageReference"; Value = "SOT-23B"; VariantName = "[No Variations]"
Change Simulation Model (AddParameter): Name = "PackageVersion"; Value = "Aug-1999"; VariantName = "[No Variations]"
Change Simulation Model (AddParameter): Name = "Published"; Value = "8-Jun-2000"; VariantName = "[No Variations]"
Change Simulation Model (AddParameter): Name = "Publisher"; Value = "Altium Limited"; VariantName = "[No Variations]"
Change Simulation Model (AddParameter): Name = "LatestRevisionDate"; Value = "29-May-2009"; VariantName = "[No Variations]"
Change Simulation Model (AddParameter): Name = "LatestRevisionNote"; Value = "IPC-7351 Footprint Added."; VariantName = "[No Variations]"
Change Simulation Model (AddParameter): Name = "PackageDescription"; Value = "3-Pin SOT-23 Package 0.95 mm Pitch, 2.4 mm Lead Span"; VariantName = "[No Variations]"
Change Simulation Model (AddParameter): Name = "PackageReference"; Value = "SOT-23B"; VariantName = "[No Variations]"
Change Simulation Model (AddParameter): Name = "PackageVersion"; Value = "Aug-1999"; VariantName = "[No Variations]"
Change Simulation Model (AddParameter): Name = "Published"; Value = "8-Jun-2000"; VariantName = "[No Variations]"
Change Simulation Model (AddParameter): Name = "Publisher"; Value = "Altium Limited"; VariantName = "[No Variations]"
Change Simulation Model (AddParameter): Name = "LatestRevisionDate"; Value = "29-May-2009"; VariantName = "[No Variations]"
Change Simulation Model (AddParameter): Name = "LatestRevisionNote"; Value = "IPC-7351 Footprint Added."; VariantName = "[No Variations]"
Change Simulation Model (AddParameter): Name = "PackageDescription"; Value = "3-Pin SOT-23 Package 0.95 mm Pitch, 2.4 mm Lead Span"; VariantName = "[No Variations]"
Change Simulation Model (AddParameter): Name = "PackageReference"; Value = "SOT-23B"; VariantName = "[No Variations]"
Change Simulation Model (AddParameter): Name = "PackageVersion"; Value = "Aug-1999"; VariantName = "[No Variations]"
Change Simulation Model (AddParameter): Name = "Published"; Value = "8-Jun-2000"; VariantName = "[No Variations]"
Change Simulation Model (AddParameter): Name = "Publisher"; Value = "Altium Limited"; VariantName = "[No Variations]"
Change Simulation Model (AddParameter): Name = "Power"; Value = "1/4 W"; VariantName = "[No Variations]"
Change Simulation Model (AddParameter): Name = "Tolerance"; Value = "5%"; VariantName = "[No Variations]"
Change Simulation Model (AddParameter): Name = "Value"; Value = "10K"; VariantName = "[No Variations]"
Change Simulation Model (AddParameter): Name = "Power"; Value = "1/4 W"; VariantName = "[No Variations]"
Change Simulation Model (AddParameter): Name = "Tolerance"; Value = "5%"; VariantName = "[No Variations]"
Change Simulation Model (AddParameter): Name = "Value"; Value = "10K"; VariantName = "[No Variations]"
Change Simulation Model (AddParameter): Name = "Power"; Value = "1/4 W"; VariantName = "[No Variations]"
Change Simulation Model (AddParameter): Name = "Tolerance"; Value = "5%"; VariantName = "[No Variations]"
Change Simulation Model (AddParameter): Name = "Value"; Value = "10K"; VariantName = "[No Variations]"
Change Simulation Model (AddParameter): Name = "Power"; Value = "1/4 W"; VariantName = "[No Variations]"
Change Simulation Model (AddParameter): Name = "Tolerance"; Value = "5%"; VariantName = "[No Variations]"
Change Simulation Model (AddParameter): Name = "Value"; Value = "10K"; VariantName = "[No Variations]"
Change Simulation Model (AddParameter): Name = "Power"; Value = "1/4 W"; VariantName = "[No Variations]"
Change Simulation Model (AddParameter): Name = "Tolerance"; Value = "5%"; VariantName = "[No Variations]"
Change Simulation Model (AddParameter): Name = "Value"; Value = "10K"; VariantName = "[No Variations]"
Change Simulation Model (AddParameter): Name = "Power"; Value = "1/4 W"; VariantName = "[No Variations]"
Change Simulation Model (AddParameter): Name = "Tolerance"; Value = "5%"; VariantName = "[No Variations]"
Change Simulation Model (AddParameter): Name = "Value"; Value = "10K"; VariantName = "[No Variations]"
