Change Footprint: Cannot match pads with new footprint in component :D9 Footprint:LEDC3216X120N
Change Footprint: Cannot match pads with new footprint in component :D10 Footprint:LEDC3216X120N
Change Footprint: Cannot match pads with new footprint in component :D11 Footprint:LEDC3216X120N
Change Footprint: Cannot match pads with new footprint in component :D12 Footprint:LEDC3216X120N
Change Footprint: Cannot match pads with new footprint in component :D13 Footprint:LEDC3216X120N
Change Footprint: Cannot match pads with new footprint in component :D14 Footprint:LEDC3216X120N
Change Component Designator: OldDesignator=D6 NewDesignator=D7
Change Component Designator: OldDesignator=D7 NewDesignator=D8
Change Component Designator: OldDesignator=D8 NewDesignator=D9
Change Component Designator: OldDesignator=D9 NewDesignator=D10
Change Component Designator: OldDesignator=D10 NewDesignator=D11
Change Component Designator: OldDesignator=D11 NewDesignator=D12
Change Component Designator: OldDesignator=D12 NewDesignator=D13
Change Component Designator: OldDesignator=D13 NewDesignator=D14
Change Component Designator: OldDesignator=D14 NewDesignator=D15
Add component: Footprint Not Found minimelf
Added Component: Designator=D6(3.2X1.6X1.1)
Add component (AddParameter): Name = "LatestRevisionDate"; Value = "17-Jul-2002"; VariantName = "[No Variations]"
Add component (AddParameter): Name = "LatestRevisionNote"; Value = "Re-released for DXP Platform."; VariantName = "[No Variations]"
Add component (AddParameter): Name = "PackageDescription"; Value = "SM LED; 2 Flat Leads"; VariantName = "[No Variations]"
Add component (AddParameter): Name = "PackageReference"; Value = "3.2X1.6X1.1"; VariantName = "[No Variations]"
Add component (AddParameter): Name = "PackageVersion"; Value = "Feb-2002"; VariantName = "[No Variations]"
Add component (AddParameter): Name = "Published"; Value = "8-Jun-2000"; VariantName = "[No Variations]"
Add component (AddParameter): Name = "Publisher"; Value = "Altium Limited"; VariantName = "[No Variations]"
Add Pin To Net: Unknown Pin: Pin D4-1
Add Pin To Net: Unknown Pin: Pin D4-2
Added Pin To Net: NetName=VCC Pin=D6-1
Added Pin To Net: NetName=+12v Pin=D6-2
Add Pin To Net: Unknown Pin: Pin U3-4
Change Net Name : Old Net Name=NetD6_1 New Net Name=NetD7_1
Change Net Name : Old Net Name=NetD7_1 New Net Name=NetD8_1
Change Net Name : Old Net Name=NetD8_1 New Net Name=NetD9_1
Change Net Name : Old Net Name=NetD9_1 New Net Name=NetD10_1
Change Net Name : Old Net Name=NetD10_1 New Net Name=NetD11_1
Change Net Name : Old Net Name=NetD11_1 New Net Name=NetD12_1
Add Class Member: Failed to add class member : Component D4 18 Zener
Added Member To Class: ClassName=tach key h Member=Component D15 MODEL
