Change Component Designator: OldDesignator= NewDesignator=J4
Change Component Designator: OldDesignator= NewDesignator=JP2
Change Component Designator: OldDesignator= NewDesignator=JP3
Change Component Designator: OldDesignator=D36 NewDesignator=D35
Change Component Designator: OldDesignator=D37 NewDesignator=D36
Change Component Designator: OldDesignator=D38 NewDesignator=D37
Change Component Designator: OldDesignator=D39 NewDesignator=D38
Change Component Designator: OldDesignator=D40 NewDesignator=D39
Change Component Designator: OldDesignator=D41 NewDesignator=D40
Change Component Designator: OldDesignator=D42 NewDesignator=D41
Change Component Designator: OldDesignator=D43 NewDesignator=D42
Change Component Designator: OldDesignator=D44 NewDesignator=D43
Change Component Designator: OldDesignator=D45 NewDesignator=D44
Change Component Designator: OldDesignator=D46 NewDesignator=D45
Change Component Designator: OldDesignator=D47 NewDesignator=D46
Change Component Designator: OldDesignator=D48 NewDesignator=D47
Change Component Designator: OldDesignator=D49 NewDesignator=D48
Change Component Designator: OldDesignator=J2 NewDesignator=J3
Change Component Designator: OldDesignator=JP-Buzzer NewDesignator=JP1
Change Component Designator: OldDesignator=R10 NewDesignator=R11
Change Component Designator: OldDesignator=R11 NewDesignator=R12
Change Component Designator: OldDesignator=R12 NewDesignator=R10
Added Component: Designator=J2(HEADER 4X1)
Added Pin To Net: NetName=vcc Pin=J2-1
Added Pin To Net: NetName=GND Pin=J2-4
Change Net Name : Old Net Name=NetD36_2 New Net Name=NetD35_2
Change Net Name : Old Net Name=NetD37_2 New Net Name=NetD36_2
Change Net Name : Old Net Name=NetD38_2 New Net Name=NetD37_2
Change Net Name : Old Net Name=NetD39_2 New Net Name=NetD38_2
Change Net Name : Old Net Name=NetD41_1 New Net Name=NetD40_1
Change Net Name : Old Net Name=NetD41_2 New Net Name=NetD40_2
Change Net Name : Old Net Name=NetD42_2 New Net Name=NetD41_2
Change Net Name : Old Net Name=NetD43_2 New Net Name=NetD42_2
Change Net Name : Old Net Name=NetD44_2 New Net Name=NetD43_2
Change Net Name : Old Net Name=NetD45_2 New Net Name=NetD44_2
Change Net Name : Old Net Name=NetD46_2 New Net Name=NetD45_2
Change Net Name : Old Net Name=NetJ3_2 New Net Name=NetJ4_2
Change Net Name : Old Net Name=NetJ3_4 New Net Name=NetJ4_4
Change Net Name : Old Net Name=NetJ3_6 New Net Name=NetJ4_6
Added Pin To Net: NetName=data-rf Pin=J2-2
Added Pin To Net: NetName=data-rf Pin=J2-3
Added Pin To Net: NetName=data-rf Pin=U1-5
Added Net: Name=data-rf
Added Member To Class: ClassName=touch-24-v5 Member=Component D36 LED2
Added Member To Class: ClassName=touch-24-v5 Member=Component D38 LED2
Added Member To Class: ClassName=touch-24-v5 Member=Component D42 LED2
Added Member To Class: ClassName=touch-24-v5 Member=Component D44 LED2
Added Member To Class: ClassName=touch-24-v5 Member=Component D47 D Tunnel1
Added Member To Class: ClassName=touch-24-v5 Member=Component D48 D Tunnel1
Added Member To Class: ClassName=touch-24-v5 Member=Component J2 Header4X1
Added Member To Class: ClassName=touch-24-v5 Member=Component J3 Header5X1
Added Member To Class: ClassName=touch-24-v5 Member=Component J4 Header3X2
Added Member To Class: ClassName=touch-24-v5 Member=Component JP1 Jumper
Added Member To Class: ClassName=touch-24-v5 Member=Component JP2 Jumper Selector
Added Member To Class: ClassName=touch-24-v5 Member=Component JP3 Jumper Selector
Added Member To Class: ClassName=touch-24-v5 Member=Component R11 10K
Added Member To Class: ClassName=touch-24-v5 Member=Component R12 10K
