Change Component Designator: OldDesignator=JP4 NewDesignator=JP5
Change Component Designator: OldDesignator=JP5 NewDesignator=JP6
Change Component Designator: OldDesignator=R12 NewDesignator=R13
Change Component Designator: OldDesignator=R13 NewDesignator=R14
Change Component Designator: OldDesignator=R14 NewDesignator=R15
Change Component Designator: OldDesignator=R15 NewDesignator=R16
Change Component Designator: OldDesignator=R16 NewDesignator=R17
Added Component: Designator=JP4(Header 2X1)
Added Component: Designator=R12(RES 1206 (3216X08L))
Add component (AddParameter): Name = "Power"; Value = "1/4 W"; VariantName = "[No Variations]"
Add component (AddParameter): Name = "Tolerance"; Value = "5%"; VariantName = "[No Variations]"
Add component (AddParameter): Name = "Value"; Value = "10K"; VariantName = "[No Variations]"
Added Pin To Net: NetName=L1 Pin=JP4-2
Added Pin To Net: NetName=L13 Pin=R12-2
Change Net Name : Old Net Name=NetJP4_2 New Net Name=NetJP5_2
Change Net Name : Old Net Name=NetJP4_3 New Net Name=NetJP5_3
Added Pin To Net: NetName=NetJP4_1 Pin=JP4-1
Added Pin To Net: NetName=NetJP4_1 Pin=R12-1
Added Net: Name=NetJP4_1
Added Member To Class: ClassName=touch-24-v5 Member=Component D31 LED2
Added Member To Class: ClassName=touch-24-v5 Member=Component D35 MODEL
Added Member To Class: ClassName=touch-24-v5 Member=Component D36 LED2
Added Member To Class: ClassName=touch-24-v5 Member=Component D37 LED2
Added Member To Class: ClassName=touch-24-v5 Member=Component D38 LED2
Added Member To Class: ClassName=touch-24-v5 Member=Component D39 LED2
Added Member To Class: ClassName=touch-24-v5 Member=Component JP6 Jumper Selector
Added Member To Class: ClassName=touch-24-v5 Member=Component R17 10K
